<html>
<body>
<pre>
<h1>µVision Build Log</h1>
<h2>Tool Versions:</h2>
IDE-Version: µVision V5.24.2.0
Copyright (C) 2017 ARM Ltd and ARM Germany GmbH. All rights reserved.
License Information: Paul Loftsgard, BSS, LIC=----
 
Tool Versions:
Toolchain:       MDK-Lite  Version: 5.24.1
Toolchain Path:  C:\Keil_v5\ARM\ARMCC\Bin
C Compiler:      Armcc.exe V5.06 update 5 (build 528)
Assembler:       Armasm.exe V5.06 update 5 (build 528)
Linker/Locator:  ArmLink.exe V5.06 update 5 (build 528)
Library Manager: ArmAr.exe V5.06 update 5 (build 528)
Hex Converter:   FromElf.exe V5.06 update 5 (build 528)
CPU DLL:         SARMCM3.DLL V5.24.1
Dialog DLL:      DARMCM1.DLL V1.18.0.0
Target DLL:      UL2CM3.DLL V1.160.3.0
Dialog DLL:      TARMCM1.DLL V1.13.0.0
 
<h2>Project:</h2>
C:\Users\ploft\Desktop\MakerChipsTest\examples\ble_peripheral\BluChipExplorer\bluchip\s110_with_dfu\arm5\ble_bluchip_s110_with_dfu.uvprojx
Project File Date:  03/27/2018

<h2>Output:</h2>
*** Using Compiler 'V5.06 update 5 (build 528)', folder: 'C:\Keil_v5\ARM\ARMCC\Bin'
Rebuild target 'nrf51822_xxac_s110'
assembling arm_startup_nrf51.s...
compiling ble_conn_params.c...
compiling ble_advdata.c...
compiling ble_bgs.c...
compiling system_nrf51.c...
compiling ble_srv_common.c...
compiling ble_dfu.c...
compiling ble_dis.c...
compiling ble_advertising.c...
compiling main.c...
compiling device_manager_peripheral.c...
compiling nrf_drv_common.c...
compiling nrf_delay.c...
compiling app_error.c...
compiling nrf_drv_gpiote.c...
compiling nrf_drv_uart.c...
compiling pstorage.c...
compiling app_trace.c...
compiling app_fifo.c...
compiling nrf_assert.c...
compiling bootloader_util.c...
compiling dfu_app_handler.c...
compiling app_timer.c...
compiling softdevice_handler.c...
linking...
Program Size: Code=25144 RO-data=356 RW-data=296 ZI-data=3704  
FromELF: creating hex file...
".\_build\bluchip_application.axf" - 0 Error(s), 0 Warning(s).

<h2>Software Packages used:</h2>

Package Vendor: ARM
                http://www.keil.com/pack/ARM.CMSIS.5.2.0.pack
                ARM.CMSIS.5.2.0
                CMSIS (Cortex Microcontroller Software Interface Standard)
   * Component: CORE Version: 5.0.2

Package Vendor: NordicSemiconductor
                http://developer.nordicsemi.com/nRF5_SDK/pieces/nRF_DeviceFamilyPack/NordicSemiconductor.nRF_DeviceFamilyPack.8.15.2.pack
                NordicSemiconductor.nRF_DeviceFamilyPack.8.15.2
                Nordic Semiconductor nRF ARM devices Device Family Pack.

<h2>Collection of Component include folders:</h2>
  .\RTE\_nrf51822_xxac_s110
  C:\Keil_v5\ARM\PACK\ARM\CMSIS\5.2.0\CMSIS\Include
  C:\Keil_v5\ARM\PACK\NordicSemiconductor\nRF_DeviceFamilyPack\8.15.2\Device\Include

<h2>Collection of Component Files used:</h2>

   * Component: ARM::CMSIS:CORE:5.0.2
Build Time Elapsed:  00:00:04
</pre>
</body>
</html>
