<html>
<body>
<pre>
<h1>µVision Build Log</h1>
<h2>Tool Versions:</h2>
IDE-Version: µVision V5.20.0.0
Copyright (C) 2016 ARM Ltd and ARM Germany GmbH. All rights reserved.
License Information: Paul Loftsgard, Blue Sky Scientific, LIC=----
 
Tool Versions:
Toolchain:       MDK-Lite  Version: 5.20
Toolchain Path:  C:\Keil_v5\ARM\ARMCC\Bin
C Compiler:      Armcc.exe V5.06 update 2 (build 183)
Assembler:       Armasm.exe V5.06 update 2 (build 183)
Linker/Locator:  ArmLink.exe V5.06 update 2 (build 183)
Library Manager: ArmAr.exe V5.06 update 2 (build 183)
Hex Converter:   FromElf.exe V5.06 update 2 (build 183)
CPU DLL:         
Dialog DLL:      
Target DLL:      Segger\JL2CM3.dll V2.99.20.0
Dialog DLL:      TARMCM1.DLL V1.10.0.0
 
<h2>Project:</h2>
E:\Dropbox\Projects\DevBoards\BTLE Breakout Board\workspace\nRF51_SDK_10.0.0_dc26b5e\examples\ble_peripheral\ble_bluchip\bluchip\s110_with_dfu\arm4\ble_bluchip_s110_with_dfu.uvproj
Project File Date:  06/23/2016

<h2>Output:</h2>
*** Using Compiler 'V5.06 update 2 (build 183)', folder: 'C:\Keil_v5\ARM\ARMCC\Bin'
Rebuild target 'nrf51422_xxac_s110'
assembling arm_startup_nrf51.s...
compiling ble_bgs.c...
compiling ble_conn_params.c...
compiling ble_advdata.c...
compiling ble_dis.c...
compiling ble_dfu.c...
compiling ble_srv_common.c...
compiling system_nrf51.c...
compiling ble_advertising.c...
compiling main.c...
compiling nrf_delay.c...
compiling nrf_drv_common.c...
compiling app_fifo.c...
compiling app_trace.c...
compiling nrf_drv_gpiote.c...
compiling nrf_drv_uart.c...
compiling nrf_assert.c...
compiling device_manager_peripheral.c...
compiling bootloader_util.c...
compiling app_error.c...
compiling pstorage.c...
compiling app_timer.c...
compiling dfu_app_handler.c...
compiling softdevice_handler.c...
linking...
Program Size: Code=25260 RO-data=356 RW-data=296 ZI-data=3704  
FromELF: creating hex file...
".\_build\nrf51422_xxac_s110.axf" - 0 Error(s), 0 Warning(s).
Build Time Elapsed:  00:00:02
</pre>
</body>
</html>
