Component: ARM Compiler 5.06 update 2 (build 183) Tool: armlink [4d35b7]

==============================================================================

Section Cross References

    main.o(i.LPCOMP_IRQHandler) refers to main.o(.data) for m_light_status
    main.o(i.advertising_init) refers to memseta.o(.text) for __aeabi_memclr4
    main.o(i.advertising_init) refers to ble_advertising.o(i.ble_advertising_init) for ble_advertising_init
    main.o(i.advertising_init) refers to app_error.o(i.app_error_handler) for app_error_handler
    main.o(i.advertising_init) refers to main.o(.data) for m_adv_uuids
    main.o(i.advertising_init) refers to main.o(i.on_adv_evt) for on_adv_evt
    main.o(i.advertising_stop) refers to app_error.o(i.app_error_handler) for app_error_handler
    main.o(i.app_context_load) refers to device_manager_peripheral.o(i.dm_application_context_get) for dm_application_context_get
    main.o(i.app_context_load) refers to app_error.o(i.app_error_handler) for app_error_handler
    main.o(i.app_context_load) refers to device_manager_peripheral.o(i.dm_application_context_delete) for dm_application_context_delete
    main.o(i.app_context_load) refers to main.o(.data) for context_data
    main.o(i.application_timers_start) refers to app_timer.o(i.app_timer_start) for app_timer_start
    main.o(i.application_timers_start) refers to app_error.o(i.app_error_handler) for app_error_handler
    main.o(i.application_timers_start) refers to main.o(.constdata) for m_activity_timer_id
    main.o(i.assert_nrf_callback) refers to app_error.o(i.app_error_handler) for app_error_handler
    main.o(i.ble_evt_dispatch) refers to device_manager_peripheral.o(i.dm_ble_evt_handler) for dm_ble_evt_handler
    main.o(i.ble_evt_dispatch) refers to ble_conn_params.o(i.ble_conn_params_on_ble_evt) for ble_conn_params_on_ble_evt
    main.o(i.ble_evt_dispatch) refers to ble_dfu.o(i.ble_dfu_on_ble_evt) for ble_dfu_on_ble_evt
    main.o(i.ble_evt_dispatch) refers to main.o(i.on_ble_evt) for on_ble_evt
    main.o(i.ble_evt_dispatch) refers to ble_bgs.o(i.ble_bgs_on_ble_evt) for ble_bgs_on_ble_evt
    main.o(i.ble_evt_dispatch) refers to ble_advertising.o(i.ble_advertising_on_ble_evt) for ble_advertising_on_ble_evt
    main.o(i.ble_evt_dispatch) refers to main.o(.bss) for m_dfus
    main.o(i.ble_stack_init) refers to softdevice_handler.o(i.softdevice_handler_init) for softdevice_handler_init
    main.o(i.ble_stack_init) refers to app_error.o(i.app_error_handler) for app_error_handler
    main.o(i.ble_stack_init) refers to softdevice_handler.o(i.softdevice_ble_evt_handler_set) for softdevice_ble_evt_handler_set
    main.o(i.ble_stack_init) refers to softdevice_handler.o(i.softdevice_sys_evt_handler_set) for softdevice_sys_evt_handler_set
    main.o(i.ble_stack_init) refers to main.o(.bss) for BLE_EVT_BUFFER
    main.o(i.ble_stack_init) refers to main.o(i.ble_evt_dispatch) for ble_evt_dispatch
    main.o(i.ble_stack_init) refers to main.o(i.sys_evt_dispatch) for sys_evt_dispatch
    main.o(i.board_init) refers to main.o(i.nrf_gpio_cfg_output) for nrf_gpio_cfg_output
    main.o(i.board_init) refers to main.o(i.nrf_gpio_pin_clear) for nrf_gpio_pin_clear
    main.o(i.board_init) refers to main.o(i.nrf_gpio_pin_set) for nrf_gpio_pin_set
    main.o(i.board_init) refers to main.o(i.nrf_gpio_cfg) for nrf_gpio_cfg
    main.o(i.conn_params_error_handler) refers to app_error.o(i.app_error_handler) for app_error_handler
    main.o(i.conn_params_init) refers to memseta.o(.text) for __aeabi_memclr4
    main.o(i.conn_params_init) refers to ble_conn_params.o(i.ble_conn_params_init) for ble_conn_params_init
    main.o(i.conn_params_init) refers to app_error.o(i.app_error_handler) for app_error_handler
    main.o(i.conn_params_init) refers to main.o(i.on_conn_params_evt) for on_conn_params_evt
    main.o(i.conn_params_init) refers to main.o(i.conn_params_error_handler) for conn_params_error_handler
    main.o(i.device_manager_evt_handler) refers to app_error.o(i.app_error_handler) for app_error_handler
    main.o(i.device_manager_evt_handler) refers to main.o(i.app_context_load) for app_context_load
    main.o(i.device_manager_init) refers to pstorage.o(i.pstorage_init) for pstorage_init
    main.o(i.device_manager_init) refers to app_error.o(i.app_error_handler) for app_error_handler
    main.o(i.device_manager_init) refers to device_manager_peripheral.o(i.dm_init) for dm_init
    main.o(i.device_manager_init) refers to memseta.o(.text) for __aeabi_memclr
    main.o(i.device_manager_init) refers to device_manager_peripheral.o(i.dm_register) for dm_register
    main.o(i.device_manager_init) refers to main.o(i.device_manager_evt_handler) for device_manager_evt_handler
    main.o(i.device_manager_init) refers to main.o(.data) for m_app_handle
    main.o(i.gap_params_init) refers to app_error.o(i.app_error_handler) for app_error_handler
    main.o(i.main) refers to main.o(i.board_init) for board_init
[...]
    i.flash_page_erase                       0x0001bb64   Section        0  pstorage.o(i.flash_page_erase)
    flash_page_erase                         0x0001bb65   Thumb Code    16  pstorage.o(i.flash_page_erase)
    i.flash_write                            0x0001bb74   Section        0  pstorage.o(i.flash_write)
    flash_write                              0x0001bb75   Thumb Code    24  pstorage.o(i.flash_write)
    i.gap_params_init                        0x0001bb8c   Section        0  main.o(i.gap_params_init)
    gap_params_init                          0x0001bb8d   Thumb Code   126  main.o(i.gap_params_init)
    i.gattc_context_apply                    0x0001bc14   Section        0  device_manager_peripheral.o(i.gattc_context_apply)
    gattc_context_apply                      0x0001bc15   Thumb Code     6  device_manager_peripheral.o(i.gattc_context_apply)
    i.gattc_context_load                     0x0001bc1a   Section        0  device_manager_peripheral.o(i.gattc_context_load)
    gattc_context_load                       0x0001bc1b   Thumb Code     6  device_manager_peripheral.o(i.gattc_context_load)
    i.gattc_context_store                    0x0001bc20   Section        0  device_manager_peripheral.o(i.gattc_context_store)
    gattc_context_store                      0x0001bc21   Thumb Code     6  device_manager_peripheral.o(i.gattc_context_store)
    i.gatts_context_apply                    0x0001bc28   Section        0  device_manager_peripheral.o(i.gatts_context_apply)
    gatts_context_apply                      0x0001bc29   Thumb Code   222  device_manager_peripheral.o(i.gatts_context_apply)
    i.gatts_context_load                     0x0001bd1c   Section        0  device_manager_peripheral.o(i.gatts_context_load)
    gatts_context_load                       0x0001bd1d   Thumb Code    68  device_manager_peripheral.o(i.gatts_context_load)
    i.gatts_context_store                    0x0001bd64   Section        0  device_manager_peripheral.o(i.gatts_context_store)
    gatts_context_store                      0x0001bd65   Thumb Code   204  device_manager_peripheral.o(i.gatts_context_store)
    i.gattsc_context_apply                   0x0001be40   Section        0  device_manager_peripheral.o(i.gattsc_context_apply)
    gattsc_context_apply                     0x0001be41   Thumb Code    26  device_manager_peripheral.o(i.gattsc_context_apply)
    i.gattsc_context_load                    0x0001be5a   Section        0  device_manager_peripheral.o(i.gattsc_context_load)
    gattsc_context_load                      0x0001be5b   Thumb Code    30  device_manager_peripheral.o(i.gattsc_context_load)
    i.gattsc_context_store                   0x0001be78   Section        0  device_manager_peripheral.o(i.gattsc_context_store)
    gattsc_context_store                     0x0001be79   Thumb Code    30  device_manager_peripheral.o(i.gattsc_context_store)
    i.gm_char_add                            0x0001be96   Section        0  ble_bgs.o(i.gm_char_add)
    gm_char_add                              0x0001be97   Thumb Code   222  ble_bgs.o(i.gm_char_add)
    i.head_restore_state_run                 0x0001bf74   Section        0  pstorage.o(i.head_restore_state_run)
    head_restore_state_run                   0x0001bf75   Thumb Code    98  pstorage.o(i.head_restore_state_run)
    i.intern_softdevice_events_execute       0x0001bfe4   Section        0  softdevice_handler.o(i.intern_softdevice_events_execute)
    i.interrupts_disable                     0x0001c0a0   Section        0  dfu_app_handler.o(i.interrupts_disable)
    interrupts_disable                       0x0001c0a1   Thumb Code    48  dfu_app_handler.o(i.interrupts_disable)
    i.is_cccd_configured                     0x0001c0d4   Section        0  ble_dfu.o(i.is_cccd_configured)
    is_cccd_configured                       0x0001c0d5   Thumb Code    72  ble_dfu.o(i.is_cccd_configured)
    i.is_conn_params_ok                      0x0001c11c   Section        0  ble_conn_params.o(i.is_conn_params_ok)
    is_conn_params_ok                        0x0001c11d   Thumb Code    30  ble_conn_params.o(i.is_conn_params_ok)
    i.is_disabled_in_debug_needed            0x0001c140   Section        0  system_nrf51.o(i.is_disabled_in_debug_needed)
    is_disabled_in_debug_needed              0x0001c141   Thumb Code    52  system_nrf51.o(i.is_disabled_in_debug_needed)
    i.is_manual_peripheral_setup_needed      0x0001c178   Section        0  system_nrf51.o(i.is_manual_peripheral_setup_needed)
    is_manual_peripheral_setup_needed        0x0001c179   Thumb Code   104  system_nrf51.o(i.is_manual_peripheral_setup_needed)
    i.is_page_erase_required                 0x0001c1e4   Section        0  pstorage.o(i.is_page_erase_required)
    is_page_erase_required                   0x0001c1e5   Thumb Code    76  pstorage.o(i.is_page_erase_required)
    i.is_tail_data_page_swap_required        0x0001c23c   Section        0  pstorage.o(i.is_tail_data_page_swap_required)
    is_tail_data_page_swap_required          0x0001c23d   Thumb Code    68  pstorage.o(i.is_tail_data_page_swap_required)
    i.is_word_aligned                        0x0001c28c   Section        0  pstorage.o(i.is_word_aligned)
    is_word_aligned                          0x0001c28d   Thumb Code    18  pstorage.o(i.is_word_aligned)
    i.le_role_encode                         0x0001c29e   Section        0  ble_advdata.o(i.le_role_encode)
    le_role_encode                           0x0001c29f   Thumb Code   106  ble_advdata.o(i.le_role_encode)
    i.list_deletions_handler                 0x0001c308   Section        0  app_timer.o(i.list_deletions_handler)
    list_deletions_handler                   0x0001c309   Thumb Code   136  app_timer.o(i.list_deletions_handler)
    i.list_insertions_handler                0x0001c39c   Section        0  app_timer.o(i.list_insertions_handler)
    list_insertions_handler                  0x0001c39d   Thumb Code   248  app_timer.o(i.list_insertions_handler)
    i.main                                   0x0001c4ac   Section        0  main.o(i.main)
    i.main_state_err_busy_process            0x0001c5b4   Section        0  pstorage.o(i.main_state_err_busy_process)
    main_state_err_busy_process              0x0001c5b5   Thumb Code    24  pstorage.o(i.main_state_err_busy_process)
    i.manuf_specific_data_encode             0x0001c5d4   Section        0  ble_advdata.o(i.manuf_specific_data_encode)
    manuf_specific_data_encode               0x0001c5d5   Thumb Code   120  ble_advdata.o(i.manuf_specific_data_encode)
    i.name_encode                            0x0001c64c   Section        0  ble_advdata.o(i.name_encode)
    name_encode                              0x0001c64d   Thumb Code   194  ble_advdata.o(i.name_encode)
    i.no_service_context_apply               0x0001c70e   Section        0  device_manager_peripheral.o(i.no_service_context_apply)
    no_service_context_apply                 0x0001c70f   Thumb Code     6  device_manager_peripheral.o(i.no_service_context_apply)
    i.no_service_context_load                0x0001c714   Section        0  device_manager_peripheral.o(i.no_service_context_load)
    no_service_context_load                  0x0001c715   Thumb Code     6  device_manager_peripheral.o(i.no_service_context_load)
    i.no_service_context_store               0x0001c71a   Section        0  device_manager_peripheral.o(i.no_service_context_store)
    no_service_context_store                 0x0001c71b   Thumb Code     6  device_manager_peripheral.o(i.no_service_context_store)
    i.nrf_delay_ms                           0x0001c720   Section        0  nrf_delay.o(i.nrf_delay_ms)
    i.nrf_gpio_cfg                           0x0001c73c   Section        0  main.o(i.nrf_gpio_cfg)
    nrf_gpio_cfg                             0x0001c73d   Thumb Code    38  main.o(i.nrf_gpio_cfg)
    i.nrf_gpio_cfg_output                    0x0001c762   Section        0  main.o(i.nrf_gpio_cfg_output)
    nrf_gpio_cfg_output                      0x0001c763   Thumb Code    24  main.o(i.nrf_gpio_cfg_output)
    i.nrf_gpio_cfg_sense_set                 0x0001c77a   Section        0  nrf_drv_gpiote.o(i.nrf_gpio_cfg_sense_set)
    nrf_gpio_cfg_sense_set                   0x0001c77b   Thumb Code    70  nrf_drv_gpiote.o(i.nrf_gpio_cfg_sense_set)
    i.nrf_gpio_pin_clear                     0x0001c7c0   Section        0  main.o(i.nrf_gpio_pin_clear)
    nrf_gpio_pin_clear                       0x0001c7c1   Thumb Code    10  main.o(i.nrf_gpio_pin_clear)
    i.nrf_gpio_pin_set                       0x0001c7d0   Section        0  main.o(i.nrf_gpio_pin_set)
    nrf_gpio_pin_set                         0x0001c7d1   Thumb Code    10  main.o(i.nrf_gpio_pin_set)
    i.nrf_gpiote_event_addr_get              0x0001c7e0   Section        0  nrf_drv_gpiote.o(i.nrf_gpiote_event_addr_get)
    nrf_gpiote_event_addr_get                0x0001c7e1   Thumb Code     8  nrf_drv_gpiote.o(i.nrf_gpiote_event_addr_get)
    i.nrf_gpiote_event_clear                 0x0001c7ec   Section        0  nrf_drv_gpiote.o(i.nrf_gpiote_event_clear)
    nrf_gpiote_event_clear                   0x0001c7ed   Thumb Code    16  nrf_drv_gpiote.o(i.nrf_gpiote_event_clear)
    i.nrf_gpiote_event_is_set                0x0001c7fc   Section        0  nrf_drv_gpiote.o(i.nrf_gpiote_event_is_set)
    nrf_gpiote_event_is_set                  0x0001c7fd   Thumb Code    22  nrf_drv_gpiote.o(i.nrf_gpiote_event_is_set)
    i.nrf_uart_errorsrc_get_and_clear        0x0001c812   Section        0  nrf_drv_uart.o(i.nrf_uart_errorsrc_get_and_clear)
    nrf_uart_errorsrc_get_and_clear          0x0001c813   Thumb Code    20  nrf_drv_uart.o(i.nrf_uart_errorsrc_get_and_clear)
    i.nrf_uart_event_check                   0x0001c826   Section        0  nrf_drv_uart.o(i.nrf_uart_event_check)
    nrf_uart_event_check                     0x0001c827   Thumb Code    16  nrf_drv_uart.o(i.nrf_uart_event_check)
    i.nrf_uart_event_clear                   0x0001c836   Section        0  nrf_drv_uart.o(i.nrf_uart_event_clear)
    nrf_uart_event_clear                     0x0001c837   Thumb Code     6  nrf_drv_uart.o(i.nrf_uart_event_clear)
    i.nrf_uart_int_disable                   0x0001c83c   Section        0  nrf_drv_uart.o(i.nrf_uart_int_disable)
    nrf_uart_int_disable                     0x0001c83d   Thumb Code    10  nrf_drv_uart.o(i.nrf_uart_int_disable)
    i.nrf_uart_int_enable_check              0x0001c846   Section        0  nrf_drv_uart.o(i.nrf_uart_int_enable_check)
    nrf_uart_int_enable_check                0x0001c847   Thumb Code    24  nrf_drv_uart.o(i.nrf_uart_int_enable_check)
    i.nrf_uart_task_trigger                  0x0001c85e   Section        0  nrf_drv_uart.o(i.nrf_uart_task_trigger)
    nrf_uart_task_trigger                    0x0001c85f   Thumb Code     6  nrf_drv_uart.o(i.nrf_uart_task_trigger)
    i.on_adv_evt                             0x0001c864   Section        0  main.o(i.on_adv_evt)
    on_adv_evt                               0x0001c865   Thumb Code    26  main.o(i.on_adv_evt)
    i.on_bgs_evt                             0x0001c880   Section        0  main.o(i.on_bgs_evt)
    on_bgs_evt                               0x0001c881   Thumb Code    66  main.o(i.on_bgs_evt)
    i.on_ble_evt                             0x0001c8c8   Section        0  main.o(i.on_ble_evt)
    on_ble_evt                               0x0001c8c9   Thumb Code    36  main.o(i.on_ble_evt)
    i.on_conn_params_evt                     0x0001c8f0   Section        0  main.o(i.on_conn_params_evt)
    on_conn_params_evt                       0x0001c8f1   Thumb Code    46  main.o(i.on_conn_params_evt)
    i.on_conn_params_update                  0x0001c924   Section        0  ble_conn_params.o(i.on_conn_params_update)
    on_conn_params_update                    0x0001c925   Thumb Code    20  ble_conn_params.o(i.on_conn_params_update)
    i.on_connect                             0x0001c93c   Section        0  ble_bgs.o(i.on_connect)
    on_connect                               0x0001c93d   Thumb Code     6  ble_bgs.o(i.on_connect)
    i.on_connect                             0x0001c944   Section        0  ble_conn_params.o(i.on_connect)
    on_connect                               0x0001c945   Thumb Code    42  ble_conn_params.o(i.on_connect)
    i.on_connect                             0x0001c980   Section        0  ble_dfu.o(i.on_connect)
    on_connect                               0x0001c981   Thumb Code     6  ble_dfu.o(i.on_connect)
    i.on_ctrl_pt_write                       0x0001c986   Section        0  ble_dfu.o(i.on_ctrl_pt_write)
    on_ctrl_pt_write                         0x0001c987   Thumb Code   334  ble_dfu.o(i.on_ctrl_pt_write)
    i.on_disconnect                          0x0001cad4   Section        0  ble_bgs.o(i.on_disconnect)
    on_disconnect                            0x0001cad5   Thumb Code     8  ble_bgs.o(i.on_disconnect)
    i.on_disconnect                          0x0001cadc   Section        0  ble_conn_params.o(i.on_disconnect)
    on_disconnect                            0x0001cadd   Thumb Code    50  ble_conn_params.o(i.on_disconnect)
    i.on_disconnect                          0x0001cb20   Section        0  ble_dfu.o(i.on_disconnect)
    on_disconnect                            0x0001cb21   Thumb Code     8  ble_dfu.o(i.on_disconnect)
    i.on_rw_authorize_req                    0x0001cb28   Section        0  ble_dfu.o(i.on_rw_authorize_req)
    on_rw_authorize_req                      0x0001cb29   Thumb Code    70  ble_dfu.o(i.on_rw_authorize_req)
    i.on_write                               0x0001cb6e   Section        0  ble_bgs.o(i.on_write)
    on_write                                 0x0001cb6f   Thumb Code    36  ble_bgs.o(i.on_write)
    i.on_write                               0x0001cb94   Section        0  ble_conn_params.o(i.on_write)
    on_write                                 0x0001cb95   Thumb Code    84  ble_conn_params.o(i.on_write)
    i.on_write                               0x0001cbf0   Section        0  ble_dfu.o(i.on_write)
    on_write                                 0x0001cbf1   Thumb Code    44  ble_dfu.o(i.on_write)
    i.peer_address_exists                    0x0001cc1c   Section        0  ble_advertising.o(i.peer_address_exists)
    peer_address_exists                      0x0001cc1d   Thumb Code    26  ble_advertising.o(i.peer_address_exists)
    i.peer_instance_init                     0x0001cc38   Section        0  device_manager_peripheral.o(i.peer_instance_init)
    peer_instance_init                       0x0001cc39   Thumb Code    84  device_manager_peripheral.o(i.peer_instance_init)
    i.pnp_id_encode                          0x0001cc94   Section        0  ble_dis.o(i.pnp_id_encode)
    pnp_id_encode                            0x0001cc95   Thumb Code   158  ble_dis.o(i.pnp_id_encode)
    i.power_manage                           0x0001cd32   Section        0  main.o(i.power_manage)
    power_manage                             0x0001cd33   Thumb Code    32  main.o(i.power_manage)
    i.pstorage_access_status_get             0x0001cd54   Section        0  pstorage.o(i.pstorage_access_status_get)
    i.pstorage_block_identifier_get          0x0001cd84   Section        0  pstorage.o(i.pstorage_block_identifier_get)
    i.pstorage_clear                         0x0001ce28   Section        0  pstorage.o(i.pstorage_clear)
    i.pstorage_flash_page_end                0x0001cf40   Section        0  pstorage.o(i.pstorage_flash_page_end)
    pstorage_flash_page_end                  0x0001cf41   Thumb Code    36  pstorage.o(i.pstorage_flash_page_end)
    i.pstorage_flash_page_size               0x0001cf68   Section        0  pstorage.o(i.pstorage_flash_page_size)
    pstorage_flash_page_size                 0x0001cf69   Thumb Code    10  pstorage.o(i.pstorage_flash_page_size)
    i.pstorage_init                          0x0001cf74   Section        0  pstorage.o(i.pstorage_init)
    i.pstorage_load                          0x0001cffc   Section        0  pstorage.o(i.pstorage_load)
    i.pstorage_register                      0x0001d0f8   Section        0  pstorage.o(i.pstorage_register)
    i.pstorage_store                         0x0001d218   Section        0  pstorage.o(i.pstorage_store)
    i.pstorage_sys_event_handler             0x0001d2f8   Section        0  pstorage.o(i.pstorage_sys_event_handler)
    i.pstorage_update                        0x0001d344   Section        0  pstorage.o(i.pstorage_update)
    i.reset_prepare                          0x0001d424   Section        0  main.o(i.reset_prepare)
    reset_prepare                            0x0001d425   Thumb Code    90  main.o(i.reset_prepare)
    i.rtc1_compare0_set                      0x0001d488   Section        0  app_timer.o(i.rtc1_compare0_set)
    rtc1_compare0_set                        0x0001d489   Thumb Code     6  app_timer.o(i.rtc1_compare0_set)
    i.rtc1_counter_get                       0x0001d494   Section        0  app_timer.o(i.rtc1_counter_get)
    rtc1_counter_get                         0x0001d495   Thumb Code     6  app_timer.o(i.rtc1_counter_get)
    i.rtc1_init                              0x0001d4a0   Section        0  app_timer.o(i.rtc1_init)
    rtc1_init                                0x0001d4a1   Thumb Code    18  app_timer.o(i.rtc1_init)
    i.rtc1_start                             0x0001d4b8   Section        0  app_timer.o(i.rtc1_start)
    rtc1_start                               0x0001d4b9   Thumb Code    48  app_timer.o(i.rtc1_start)
    i.rtc1_stop                              0x0001d4f4   Section        0  app_timer.o(i.rtc1_stop)
    rtc1_stop                                0x0001d4f5   Thumb Code    66  app_timer.o(i.rtc1_stop)
    i.rx_byte                                0x0001d54c   Section        0  nrf_drv_uart.o(i.rx_byte)
    rx_byte                                  0x0001d54d   Thumb Code    48  nrf_drv_uart.o(i.rx_byte)
    i.rx_done_event                          0x0001d584   Section        0  nrf_drv_uart.o(i.rx_done_event)
    rx_done_event                            0x0001d585   Thumb Code    38  nrf_drv_uart.o(i.rx_done_event)
    i.sec_mgr_oob_flags_encode               0x0001d5b0   Section        0  ble_advdata.o(i.sec_mgr_oob_flags_encode)
    sec_mgr_oob_flags_encode                 0x0001d5b1   Thumb Code    54  ble_advdata.o(i.sec_mgr_oob_flags_encode)
    i.service_data_encode                    0x0001d5e6   Section        0  ble_advdata.o(i.service_data_encode)
    service_data_encode                      0x0001d5e7   Thumb Code   150  ble_advdata.o(i.service_data_encode)
    i.services_init                          0x0001d67c   Section        0  main.o(i.services_init)
    services_init                            0x0001d67d   Thumb Code   230  main.o(i.services_init)
    i.sleep_mode_enter                       0x0001d788   Section        0  main.o(i.sleep_mode_enter)
    sleep_mode_enter                         0x0001d789   Thumb Code    32  main.o(i.sleep_mode_enter)
    i.sm_state_change                        0x0001d7a8   Section        0  pstorage.o(i.sm_state_change)
    sm_state_change                          0x0001d7a9   Thumb Code    14  pstorage.o(i.sm_state_change)
    i.softdevice_assertion_handler           0x0001d7bc   Section        0  softdevice_handler.o(i.softdevice_assertion_handler)
    i.softdevice_ble_evt_handler_set         0x0001d7d0   Section        0  softdevice_handler.o(i.softdevice_ble_evt_handler_set)
    i.softdevice_handler_init                0x0001d7e8   Section        0  softdevice_handler.o(i.softdevice_handler_init)
    i.softdevice_sys_evt_handler_set         0x0001d850   Section        0  softdevice_handler.o(i.softdevice_sys_evt_handler_set)
    i.srdata_check                           0x0001d868   Section        0  ble_advdata.o(i.srdata_check)
    srdata_check                             0x0001d869   Thumb Code    16  ble_advdata.o(i.srdata_check)
    i.state_data_erase_entry_run             0x0001d878   Section        0  pstorage.o(i.state_data_erase_entry_run)
    state_data_erase_entry_run               0x0001d879   Thumb Code    12  pstorage.o(i.state_data_erase_entry_run)
    i.state_data_erase_swap_entry_run        0x0001d888   Section        0  pstorage.o(i.state_data_erase_swap_entry_run)
    state_data_erase_swap_entry_run          0x0001d889   Thumb Code   136  pstorage.o(i.state_data_erase_swap_entry_run)
    i.state_entry_action_run                 0x0001d920   Section        0  pstorage.o(i.state_entry_action_run)
    state_entry_action_run                   0x0001d921   Thumb Code    54  pstorage.o(i.state_entry_action_run)
    i.state_erase_data_page_entry_run        0x0001d95c   Section        0  pstorage.o(i.state_erase_data_page_entry_run)
    state_erase_data_page_entry_run          0x0001d95d   Thumb Code    12  pstorage.o(i.state_erase_data_page_entry_run)
    i.state_idle_entry_run                   0x0001d96c   Section        0  pstorage.o(i.state_idle_entry_run)
    state_idle_entry_run                     0x0001d96d   Thumb Code    18  pstorage.o(i.state_idle_entry_run)
    i.state_restore_head_entry_run           0x0001d988   Section        0  pstorage.o(i.state_restore_head_entry_run)
    state_restore_head_entry_run             0x0001d989   Thumb Code    44  pstorage.o(i.state_restore_head_entry_run)
    i.state_restore_tail_entry_run           0x0001d9bc   Section        0  pstorage.o(i.state_restore_tail_entry_run)
    state_restore_tail_entry_run             0x0001d9bd   Thumb Code    76  pstorage.o(i.state_restore_tail_entry_run)
    i.state_store_entry_run                  0x0001da10   Section        0  pstorage.o(i.state_store_entry_run)
    state_store_entry_run                    0x0001da11   Thumb Code     8  pstorage.o(i.state_store_entry_run)
    i.state_swap_erase_entry_run             0x0001da18   Section        0  pstorage.o(i.state_swap_erase_entry_run)
    state_swap_erase_entry_run               0x0001da19   Thumb Code    38  pstorage.o(i.state_swap_erase_entry_run)
    i.state_write_data_swap_entry_run        0x0001da40   Section        0  pstorage.o(i.state_write_data_swap_entry_run)
    state_write_data_swap_entry_run          0x0001da41   Thumb Code    46  pstorage.o(i.state_write_data_swap_entry_run)
    i.storage_operation_dummy_handler        0x0001da74   Section        0  device_manager_peripheral.o(i.storage_operation_dummy_handler)
    storage_operation_dummy_handler          0x0001da75   Thumb Code     8  device_manager_peripheral.o(i.storage_operation_dummy_handler)
    i.store_cmd_flash_write_execute          0x0001da7c   Section        0  pstorage.o(i.store_cmd_flash_write_execute)
    store_cmd_flash_write_execute            0x0001da7d   Thumb Code    92  pstorage.o(i.store_cmd_flash_write_execute)
    i.store_operation_execute                0x0001dae0   Section        0  pstorage.o(i.store_operation_execute)
    store_operation_execute                  0x0001dae1   Thumb Code    10  pstorage.o(i.store_operation_execute)
    i.store_sub_state_sm_run                 0x0001daec   Section        0  pstorage.o(i.store_sub_state_sm_run)
    store_sub_state_sm_run                   0x0001daed   Thumb Code    62  pstorage.o(i.store_sub_state_sm_run)
    i.swap_erase_state_run                   0x0001db38   Section        0  pstorage.o(i.swap_erase_state_run)
    swap_erase_state_run                     0x0001db39   Thumb Code    28  pstorage.o(i.swap_erase_state_run)
    i.swap_sub_sm_exit_action_run            0x0001db58   Section        0  pstorage.o(i.swap_sub_sm_exit_action_run)
    swap_sub_sm_exit_action_run              0x0001db59   Thumb Code     8  pstorage.o(i.swap_sub_sm_exit_action_run)
    i.swap_sub_state_entry_action_run        0x0001db60   Section        0  pstorage.o(i.swap_sub_state_entry_action_run)
    swap_sub_state_entry_action_run          0x0001db61   Thumb Code    16  pstorage.o(i.swap_sub_state_entry_action_run)
    i.swap_sub_state_err_busy_process        0x0001db78   Section        0  pstorage.o(i.swap_sub_state_err_busy_process)
    swap_sub_state_err_busy_process          0x0001db79   Thumb Code    24  pstorage.o(i.swap_sub_state_err_busy_process)
    i.swap_sub_state_sm_run                  0x0001db98   Section        0  pstorage.o(i.swap_sub_state_sm_run)
    swap_sub_state_sm_run                    0x0001db99   Thumb Code    16  pstorage.o(i.swap_sub_state_sm_run)
    i.swap_sub_state_state_change            0x0001dbb0   Section        0  pstorage.o(i.swap_sub_state_state_change)
    swap_sub_state_state_change              0x0001dbb1   Thumb Code    14  pstorage.o(i.swap_sub_state_state_change)
    i.sys_evt_dispatch                       0x0001dbc4   Section        0  main.o(i.sys_evt_dispatch)
    sys_evt_dispatch                         0x0001dbc5   Thumb Code    18  main.o(i.sys_evt_dispatch)
    i.sys_id_encode                          0x0001dbd6   Section        0  ble_dis.o(i.sys_id_encode)
    sys_id_encode                            0x0001dbd7   Thumb Code   164  ble_dis.o(i.sys_id_encode)
    i.tail_restore_state_run                 0x0001dc7c   Section        0  pstorage.o(i.tail_restore_state_run)
    tail_restore_state_run                   0x0001dc7d   Thumb Code    26  pstorage.o(i.tail_restore_state_run)
    i.tail_word_size_calculate               0x0001dc9c   Section        0  pstorage.o(i.tail_word_size_calculate)
    tail_word_size_calculate                 0x0001dc9d   Thumb Code    84  pstorage.o(i.tail_word_size_calculate)
    i.ticks_diff_get                         0x0001dcf4   Section        0  app_timer.o(i.ticks_diff_get)
    ticks_diff_get                           0x0001dcf5   Thumb Code    10  app_timer.o(i.ticks_diff_get)
    i.timeout_handler_exec                   0x0001dd00   Section        0  app_timer.o(i.timeout_handler_exec)
    timeout_handler_exec                     0x0001dd01   Thumb Code    58  app_timer.o(i.timeout_handler_exec)
    i.timer_list_handler                     0x0001dd40   Section        0  app_timer.o(i.timer_list_handler)
    timer_list_handler                       0x0001dd41   Thumb Code    74  app_timer.o(i.timer_list_handler)
    i.timer_list_handler_sched               0x0001dd98   Section        0  app_timer.o(i.timer_list_handler_sched)
    timer_list_handler_sched                 0x0001dd99   Thumb Code    10  app_timer.o(i.timer_list_handler_sched)
    i.timer_list_insert                      0x0001dda4   Section        0  app_timer.o(i.timer_list_insert)
    timer_list_insert                        0x0001dda5   Thumb Code   104  app_timer.o(i.timer_list_insert)
    i.timer_list_remove                      0x0001de10   Section        0  app_timer.o(i.timer_list_remove)
    timer_list_remove                        0x0001de11   Thumb Code    96  app_timer.o(i.timer_list_remove)
    i.timer_start_op_schedule                0x0001de80   Section        0  app_timer.o(i.timer_start_op_schedule)
    timer_start_op_schedule                  0x0001de81   Thumb Code    82  app_timer.o(i.timer_start_op_schedule)
    i.timer_stop_op_schedule                 0x0001ded8   Section        0  app_timer.o(i.timer_stop_op_schedule)
    timer_stop_op_schedule                   0x0001ded9   Thumb Code    60  app_timer.o(i.timer_stop_op_schedule)
    i.timer_timeouts_check                   0x0001df18   Section        0  app_timer.o(i.timer_timeouts_check)
    timer_timeouts_check                     0x0001df19   Thumb Code   128  app_timer.o(i.timer_timeouts_check)
    i.timer_timeouts_check_sched             0x0001dfac   Section        0  app_timer.o(i.timer_timeouts_check_sched)
    timer_timeouts_check_sched               0x0001dfad   Thumb Code    10  app_timer.o(i.timer_timeouts_check_sched)
    i.timers_init                            0x0001dfb8   Section        0  main.o(i.timers_init)
    timers_init                              0x0001dfb9   Thumb Code    82  main.o(i.timers_init)
    i.tk_value_encode                        0x0001e018   Section        0  ble_advdata.o(i.tk_value_encode)
    tk_value_encode                          0x0001e019   Thumb Code    70  ble_advdata.o(i.tk_value_encode)
    i.tx_byte                                0x0001e060   Section        0  nrf_drv_uart.o(i.tx_byte)
    tx_byte                                  0x0001e061   Thumb Code    48  nrf_drv_uart.o(i.tx_byte)
    i.tx_done_event                          0x0001e098   Section        0  nrf_drv_uart.o(i.tx_done_event)
    tx_done_event                            0x0001e099   Thumb Code    38  nrf_drv_uart.o(i.tx_done_event)
    i.tx_power_level_encode                  0x0001e0c4   Section        0  ble_advdata.o(i.tx_power_level_encode)
    tx_power_level_encode                    0x0001e0c5   Thumb Code    54  ble_advdata.o(i.tx_power_level_encode)
    i.uint16_decode                          0x0001e0fa   Section        0  ble_dfu.o(i.uint16_decode)
    uint16_decode                            0x0001e0fb   Thumb Code    12  ble_dfu.o(i.uint16_decode)
    i.uint16_encode                          0x0001e106   Section        0  ble_advdata.o(i.uint16_encode)
    uint16_encode                            0x0001e107   Thumb Code    18  ble_advdata.o(i.uint16_encode)
    i.uint16_encode                          0x0001e118   Section        0  ble_dis.o(i.uint16_encode)
    uint16_encode                            0x0001e119   Thumb Code    18  ble_dis.o(i.uint16_encode)
    i.update_operation_execute               0x0001e12a   Section        0  pstorage.o(i.update_operation_execute)
    update_operation_execute                 0x0001e12b   Thumb Code     8  pstorage.o(i.update_operation_execute)
    i.update_status_bit_reset                0x0001e134   Section        0  device_manager_peripheral.o(i.update_status_bit_reset)
    update_status_bit_reset                  0x0001e135   Thumb Code    16  device_manager_peripheral.o(i.update_status_bit_reset)
    i.update_timeout_handler                 0x0001e148   Section        0  ble_conn_params.o(i.update_timeout_handler)
    update_timeout_handler                   0x0001e149   Thumb Code   136  ble_conn_params.o(i.update_timeout_handler)
    i.user_id_get                            0x0001e1e4   Section        0  app_timer.o(i.user_id_get)
    user_id_get                              0x0001e1e5   Thumb Code    34  app_timer.o(i.user_id_get)
    i.user_op_alloc                          0x0001e206   Section        0  app_timer.o(i.user_op_alloc)
    user_op_alloc                            0x0001e207   Thumb Code    46  app_timer.o(i.user_op_alloc)
    i.user_op_enque                          0x0001e234   Section        0  app_timer.o(i.user_op_enque)
    user_op_enque                            0x0001e235   Thumb Code     4  app_timer.o(i.user_op_enque)
    i.uuid_list_encode                       0x0001e238   Section        0  ble_advdata.o(i.uuid_list_encode)
    uuid_list_encode                         0x0001e239   Thumb Code    68  ble_advdata.o(i.uuid_list_encode)
    i.uuid_list_sized_encode                 0x0001e27c   Section        0  ble_advdata.o(i.uuid_list_sized_encode)
    uuid_list_sized_encode                   0x0001e27d   Thumb Code   216  ble_advdata.o(i.uuid_list_sized_encode)
    i.whitelist_has_entries                  0x0001e354   Section        0  ble_advertising.o(i.whitelist_has_entries)
    whitelist_has_entries                    0x0001e355   Thumb Code    22  ble_advertising.o(i.whitelist_has_entries)
    .constdata                               0x0001e36c   Section        4  main.o(.constdata)
    m_activity_timer_id                      0x0001e36c   Data           4  main.o(.constdata)
    .constdata                               0x0001e370   Section       16  ble_bgs.o(.constdata)
    .constdata                               0x0001e380   Section        4  ble_conn_params.o(.constdata)
    m_conn_params_timer_id                   0x0001e380   Data           4  ble_conn_params.o(.constdata)
    .constdata                               0x0001e384   Section       16  ble_dfu.o(.constdata)
    .constdata                               0x0001e394   Section       52  device_manager_peripheral.o(.constdata)
    .constdata                               0x0001e3c8   Section       40  pstorage.o(.constdata)
    swap_sub_state_sm_lut                    0x0001e3c8   Data          20  pstorage.o(.constdata)
    swap_sub_state_sm_lut                    0x0001e3dc   Data          20  pstorage.o(.constdata)
    .data                                    0x20002000   Section       28  main.o(.data)
    m_conn_handle                            0x20002000   Data           2  main.o(.data)
    m_app_handle                             0x20002002   Data           1  main.o(.data)
    m_adv_uuids                              0x20002004   Data           4  main.o(.data)
    m_light_status                           0x20002014   Data           1  main.o(.data)
    context_data                             0x20002018   Data           4  main.o(.data)
    .data                                    0x2000201c   Section        4  system_nrf51.o(.data)
    __tagsym$$used                           0x2000201c   Number         0  system_nrf51.o(.data)
    .data                                    0x20002020   Section       32  ble_advertising.o(.data)
    m_advertising_start_pending              0x20002020   Data           1  ble_advertising.o(.data)
    m_peer_address                           0x20002021   Data           7  ble_advertising.o(.data)
    m_adv_evt                                0x20002028   Data           1  ble_advertising.o(.data)
    m_evt_handler                            0x2000202c   Data           4  ble_advertising.o(.data)
    m_error_handler                          0x20002030   Data           4  ble_advertising.o(.data)
    m_adv_mode_current                       0x20002034   Data           1  ble_advertising.o(.data)
    m_whitelist_temporarily_disabled         0x20002035   Data           1  ble_advertising.o(.data)
    m_whitelist_reply_expected               0x20002036   Data           1  ble_advertising.o(.data)
    m_peer_addr_reply_expected               0x20002037   Data           1  ble_advertising.o(.data)
    m_slave_conn_int                         0x20002038   Data           4  ble_advertising.o(.data)
    m_tx_power_level                         0x2000203c   Data           1  ble_advertising.o(.data)
    current_slave_link_conn_handle           0x2000203e   Data           2  ble_advertising.o(.data)
    .data                                    0x20002040   Section       21  ble_conn_params.o(.data)
    m_preferred_conn_params                  0x20002040   Data           8  ble_conn_params.o(.data)
    m_update_count                           0x20002048   Data           1  ble_conn_params.o(.data)
    m_conn_handle                            0x2000204a   Data           2  ble_conn_params.o(.data)
    m_current_conn_params                    0x2000204c   Data           8  ble_conn_params.o(.data)
    m_change_param                           0x20002054   Data           1  ble_conn_params.o(.data)
    .data                                    0x20002055   Section        8  ble_dfu.o(.data)
    m_is_dfu_service_initialized             0x20002055   Data           1  ble_dfu.o(.data)
    m_notif_buffer                           0x20002056   Data           7  ble_dfu.o(.data)
    .data                                    0x2000205e   Section       74  ble_dis.o(.data)
    service_handle                           0x2000205e   Data           2  ble_dis.o(.data)
    manufact_name_handles                    0x20002060   Data           8  ble_dis.o(.data)
    model_num_handles                        0x20002068   Data           8  ble_dis.o(.data)
    serial_num_handles                       0x20002070   Data           8  ble_dis.o(.data)
    hw_rev_handles                           0x20002078   Data           8  ble_dis.o(.data)
    fw_rev_handles                           0x20002080   Data           8  ble_dis.o(.data)
    sw_rev_handles                           0x20002088   Data           8  ble_dis.o(.data)
    sys_id_handles                           0x20002090   Data           8  ble_dis.o(.data)
    reg_cert_data_list_handles               0x20002098   Data           8  ble_dis.o(.data)
    pnp_id_handles                           0x200020a0   Data           8  ble_dis.o(.data)
    .data                                    0x200020a8   Section       20  device_manager_peripheral.o(.data)
    m_storage_handle                         0x200020a8   Data           8  device_manager_peripheral.o(.data)
    m_peer_addr_update                       0x200020b0   Data           4  device_manager_peripheral.o(.data)
    m_module_initialized                     0x200020b4   Data           1  device_manager_peripheral.o(.data)
    m_irk_index_table                        0x200020b5   Data           7  device_manager_peripheral.o(.data)
    .data                                    0x200020bc   Section       40  pstorage.o(.data)
    m_next_app_instance                      0x200020bc   Data           2  pstorage.o(.data)
    m_next_page_addr                         0x200020c0   Data           4  pstorage.o(.data)
    m_state                                  0x200020c4   Data           1  pstorage.o(.data)
    m_swap_sub_state                         0x200020c5   Data           1  pstorage.o(.data)
    m_head_word_size                         0x200020c8   Data           4  pstorage.o(.data)
    m_tail_word_size                         0x200020cc   Data           4  pstorage.o(.data)
    m_current_page_id                        0x200020d0   Data           4  pstorage.o(.data)
    m_num_of_command_retries                 0x200020d4   Data           4  pstorage.o(.data)
    m_num_of_bytes_written                   0x200020d8   Data           4  pstorage.o(.data)
    m_app_data_size                          0x200020dc   Data           4  pstorage.o(.data)
    m_flags                                  0x200020e0   Data           4  pstorage.o(.data)
    .data                                    0x200020e4   Section       34  app_timer.o(.data)
    m_user_array_size                        0x200020e4   Data           1  app_timer.o(.data)
    mp_users                                 0x200020e8   Data           4  app_timer.o(.data)
    mp_timer_id_head                         0x200020ec   Data           4  app_timer.o(.data)
    m_ticks_latest                           0x200020f0   Data           4  app_timer.o(.data)
    m_ticks_elapsed                          0x200020f4   Data           8  app_timer.o(.data)
    m_ticks_elapsed_q_read_ind               0x200020fc   Data           1  app_timer.o(.data)
    m_ticks_elapsed_q_write_ind              0x200020fd   Data           1  app_timer.o(.data)
    m_evt_schedule_func                      0x20002100   Data           4  app_timer.o(.data)
    m_rtc1_running                           0x20002104   Data           1  app_timer.o(.data)
    m_rtc1_reset                             0x20002105   Data           1  app_timer.o(.data)
    .data                                    0x20002108   Section        8  dfu_app_handler.o(.data)
    m_reset_prepare                          0x20002108   Data           4  dfu_app_handler.o(.data)
    m_dm_handle                              0x2000210c   Data           4  dfu_app_handler.o(.data)
    .data                                    0x20002110   Section       24  softdevice_handler.o(.data)
    m_evt_schedule_func                      0x20002110   Data           4  softdevice_handler.o(.data)
    m_softdevice_enabled                     0x20002114   Data           1  softdevice_handler.o(.data)
    mp_ble_evt_buffer                        0x20002118   Data           4  softdevice_handler.o(.data)
    m_ble_evt_buffer_size                    0x2000211c   Data           2  softdevice_handler.o(.data)
    m_ble_evt_handler                        0x20002120   Data           4  softdevice_handler.o(.data)
    m_sys_evt_handler                        0x20002124   Data           4  softdevice_handler.o(.data)
    .bss                                     0x20002128   Section      628  main.o(.bss)
    m_activity_timer_id_data                 0x20002128   Data          32  main.o(.bss)
    m_bgs                                    0x20002148   Data          20  main.o(.bss)
    m_dfus                                   0x2000215c   Data          48  main.o(.bss)
    APP_TIMER_BUF                            0x2000218c   Data         456  main.o(.bss)
    BLE_EVT_BUFFER                           0x20002354   Data          72  main.o(.bss)
    .bss                                     0x2000239c   Section      259  ble_advertising.o(.bss)
    m_advdata                                0x2000239c   Data          56  ble_advertising.o(.bss)
    m_adv_modes_config                       0x200023d4   Data          36  ble_advertising.o(.bss)
    m_whitelist                              0x200023f8   Data          16  ble_advertising.o(.bss)
    mp_whitelist_addr                        0x20002408   Data          32  ble_advertising.o(.bss)
    mp_whitelist_irk                         0x20002428   Data          32  ble_advertising.o(.bss)
    m_manuf_specific_data                    0x20002448   Data          12  ble_advertising.o(.bss)
    m_manuf_data_array                       0x20002454   Data          31  ble_advertising.o(.bss)
    m_service_data                           0x20002474   Data          12  ble_advertising.o(.bss)
    m_service_data_array                     0x20002480   Data          31  ble_advertising.o(.bss)
    .bss                                     0x200024a0   Section       60  ble_conn_params.o(.bss)
    m_conn_params_config                     0x200024a0   Data          28  ble_conn_params.o(.bss)
    m_conn_params_timer_id_data              0x200024bc   Data          32  ble_conn_params.o(.bss)
    .bss                                     0x200024dc   Section      335  device_manager_peripheral.o(.bss)
    m_app_context_table                      0x200024dc   Data          28  device_manager_peripheral.o(.bss)
    m_peer_table                             0x200024f8   Data         196  device_manager_peripheral.o(.bss)
    m_bond_table                             0x200025bc   Data          28  device_manager_peripheral.o(.bss)
    m_gatts_table                            0x200025d8   Data          36  device_manager_peripheral.o(.bss)
    m_connection_table                       0x200025fc   Data          12  device_manager_peripheral.o(.bss)
    m_application_table                      0x20002608   Data          12  device_manager_peripheral.o(.bss)
    m_local_id_info                          0x20002614   Data          23  device_manager_peripheral.o(.bss)
    .bss                                     0x2000262c   Section       72  nrf_drv_gpiote.o(.bss)
    m_cb                                     0x2000262c   Data          72  nrf_drv_gpiote.o(.bss)
    .bss                                     0x20002674   Section       24  nrf_drv_uart.o(.bss)
    m_cb                                     0x20002674   Data          24  nrf_drv_uart.o(.bss)
    .bss                                     0x2000268c   Section      216  pstorage.o(.bss)
    m_cmd_queue                              0x2000268c   Data         204  pstorage.o(.bss)
    m_app_table                              0x20002758   Data          12  pstorage.o(.bss)
    .bss                                     0x20002764   Section       60  dfu_app_handler.o(.bss)
    m_peer_data                              0x20002764   Data          60  dfu_app_handler.o(.bss)
    STACK                                    0x200027a0   Section     2048  arm_startup_nrf51.o(STACK)

    Global Symbols

    Symbol Name                              Value     Ov Type        Size  Object(Section)

    BuildAttributes$$THM_ISAv3M$S$PE$A:L22$X:L11$S22$IEEE1$IW$USESV6$~STKCKD$USESV7$~SHL$OSPACE$EBA8$MICROLIB$REQ8$PRES8$EABIv2 0x00000000   Number         0  anon$$obj.o ABSOLUTE
    __ARM_use_no_argv                        0x00000000   Number         0  main.o ABSOLUTE
    __cpp_initialize__aeabi_                  - Undefined Weak Reference
    __cxa_finalize                            - Undefined Weak Reference
    __decompress                              - Undefined Weak Reference
    _clock_init                               - Undefined Weak Reference
    _microlib_exit                            - Undefined Weak Reference
    __Vectors_Size                           0x000000c0   Number         0  arm_startup_nrf51.o ABSOLUTE
    __Vectors                                0x00018000   Data           4  arm_startup_nrf51.o(RESET)
    __Vectors_End                            0x000180c0   Data           0  arm_startup_nrf51.o(RESET)
    __main                                   0x000180c1   Thumb Code     0  entry.o(.ARM.Collect$$$$00000000)
    _main_stk                                0x000180c1   Thumb Code     0  entry2.o(.ARM.Collect$$$$00000001)
    _main_scatterload                        0x000180c5   Thumb Code     0  entry5.o(.ARM.Collect$$$$00000004)
    __main_after_scatterload                 0x000180c9   Thumb Code     0  entry5.o(.ARM.Collect$$$$00000004)
    _main_clock                              0x000180c9   Thumb Code     0  entry7b.o(.ARM.Collect$$$$00000008)
    _main_cpp_init                           0x000180c9   Thumb Code     0  entry8b.o(.ARM.Collect$$$$0000000A)
    _main_init                               0x000180c9   Thumb Code     0  entry9a.o(.ARM.Collect$$$$0000000B)
    __rt_final_cpp                           0x000180d1   Thumb Code     0  entry10a.o(.ARM.Collect$$$$0000000D)
    __rt_final_exit                          0x000180d1   Thumb Code     0  entry11a.o(.ARM.Collect$$$$0000000F)
    __asm___11_nrf_delay_c_532987f3__nrf_delay_us 0x000180d5   Thumb Code    30  nrf_delay.o(.emb_text)
    __asm___11_app_timer_c_cd27f9c3__nrf_delay_us 0x000180f5   Thumb Code    30  app_timer.o(.emb_text)
    __asm___17_bootloader_util_c_c13d365c__bootloader_util_reset 0x00018115   Thumb Code    52  bootloader_util.o(.emb_text)
    Reset_Handler                            0x00018149   Thumb Code    26  arm_startup_nrf51.o(.text)
    NMI_Handler                              0x00018163   Thumb Code     2  arm_startup_nrf51.o(.text)
    HardFault_Handler                        0x00018165   Thumb Code     2  arm_startup_nrf51.o(.text)
    SVC_Handler                              0x00018167   Thumb Code     2  arm_startup_nrf51.o(.text)
    PendSV_Handler                           0x00018169   Thumb Code     2  arm_startup_nrf51.o(.text)
    SysTick_Handler                          0x0001816b   Thumb Code     2  arm_startup_nrf51.o(.text)
    ADC_IRQHandler                           0x0001816d   Thumb Code     0  arm_startup_nrf51.o(.text)
    CCM_AAR_IRQHandler                       0x0001816d   Thumb Code     0  arm_startup_nrf51.o(.text)
    ECB_IRQHandler                           0x0001816d   Thumb Code     0  arm_startup_nrf51.o(.text)
    POWER_CLOCK_IRQHandler                   0x0001816d   Thumb Code     0  arm_startup_nrf51.o(.text)
    QDEC_IRQHandler                          0x0001816d   Thumb Code     0  arm_startup_nrf51.o(.text)
    RADIO_IRQHandler                         0x0001816d   Thumb Code     0  arm_startup_nrf51.o(.text)
    RNG_IRQHandler                           0x0001816d   Thumb Code     0  arm_startup_nrf51.o(.text)
    RTC0_IRQHandler                          0x0001816d   Thumb Code     0  arm_startup_nrf51.o(.text)
    SPI0_TWI0_IRQHandler                     0x0001816d   Thumb Code     0  arm_startup_nrf51.o(.text)
    SPI1_TWI1_IRQHandler                     0x0001816d   Thumb Code     0  arm_startup_nrf51.o(.text)
    SWI1_IRQHandler                          0x0001816d   Thumb Code     0  arm_startup_nrf51.o(.text)
    SWI3_IRQHandler                          0x0001816d   Thumb Code     0  arm_startup_nrf51.o(.text)
    SWI4_IRQHandler                          0x0001816d   Thumb Code     0  arm_startup_nrf51.o(.text)
    SWI5_IRQHandler                          0x0001816d   Thumb Code     0  arm_startup_nrf51.o(.text)
    TEMP_IRQHandler                          0x0001816d   Thumb Code     0  arm_startup_nrf51.o(.text)
    TIMER0_IRQHandler                        0x0001816d   Thumb Code     0  arm_startup_nrf51.o(.text)
    TIMER1_IRQHandler                        0x0001816d   Thumb Code     0  arm_startup_nrf51.o(.text)
    TIMER2_IRQHandler                        0x0001816d   Thumb Code     0  arm_startup_nrf51.o(.text)
    WDT_IRQHandler                           0x0001816d   Thumb Code     0  arm_startup_nrf51.o(.text)
    __aeabi_uidiv                            0x00018181   Thumb Code     0  uidiv.o(.text)
    __aeabi_uidivmod                         0x00018181   Thumb Code    44  uidiv.o(.text)
    __aeabi_idiv                             0x000181ad   Thumb Code     0  idiv.o(.text)
    __aeabi_idivmod                          0x000181ad   Thumb Code    40  idiv.o(.text)
    __aeabi_memcpy                           0x000181d5   Thumb Code    36  memcpya.o(.text)
    __aeabi_memcpy4                          0x000181d5   Thumb Code     0  memcpya.o(.text)
    __aeabi_memcpy8                          0x000181d5   Thumb Code     0  memcpya.o(.text)
    __aeabi_memset                           0x000181f9   Thumb Code    14  memseta.o(.text)
    __aeabi_memset4                          0x000181f9   Thumb Code     0  memseta.o(.text)
    __aeabi_memset8                          0x000181f9   Thumb Code     0  memseta.o(.text)
    __aeabi_memclr                           0x00018207   Thumb Code     4  memseta.o(.text)
    __aeabi_memclr4                          0x00018207   Thumb Code     0  memseta.o(.text)
    __aeabi_memclr8                          0x00018207   Thumb Code     0  memseta.o(.text)
    _memset$wrapper                          0x0001820b   Thumb Code    18  memseta.o(.text)
    strlen                                   0x0001821d   Thumb Code    14  strlen.o(.text)
    memcmp                                   0x0001822b   Thumb Code    26  memcmp.o(.text)
    __scatterload                            0x00018245   Thumb Code    28  init.o(.text)
    __scatterload_rt2                        0x00018245   Thumb Code     0  init.o(.text)
    GPIOTE_IRQHandler                        0x00018269   Thumb Code   378  nrf_drv_gpiote.o(i.GPIOTE_IRQHandler)
    LPCOMP_IRQHandler                        0x000183f5   Thumb Code    42  main.o(i.LPCOMP_IRQHandler)
    LPCOMP_init                              0x00018431   Thumb Code    52  main.o(i.LPCOMP_init)
    RTC1_IRQHandler                          0x00018529   Thumb Code    34  app_timer.o(i.RTC1_IRQHandler)
    SWI0_IRQHandler                          0x00018551   Thumb Code     8  app_timer.o(i.SWI0_IRQHandler)
    SWI2_IRQHandler                          0x00018559   Thumb Code    50  softdevice_handler.o(i.SWI2_IRQHandler)
    SystemInit                               0x00018591   Thumb Code   136  system_nrf51.o(i.SystemInit)
    UART0_IRQHandler                         0x0001863d   Thumb Code   304  nrf_drv_uart.o(i.UART0_IRQHandler)
    __ARM_common_switch8                     0x00018775   Thumb Code    28  ble_dfu.o(i.__ARM_common_switch8)
    __scatterload_copy                       0x00018791   Thumb Code    14  handlers.o(i.__scatterload_copy)
    __scatterload_null                       0x0001879f   Thumb Code     2  handlers.o(i.__scatterload_null)
    __scatterload_zeroinit                   0x000187a1   Thumb Code    14  handlers.o(i.__scatterload_zeroinit)
    adv_data_encode                          0x000187b1   Thumb Code   444  ble_advdata.o(i.adv_data_encode)
    app_error_handler                        0x00018abd   Thumb Code    48  app_error.o(i.app_error_handler)
    app_timer_create                         0x00018b65   Thumb Code    60  app_timer.o(i.app_timer_create)
    app_timer_init                           0x00018ba5   Thumb Code   156  app_timer.o(i.app_timer_init)
    app_timer_start                          0x00018c5d   Thumb Code    82  app_timer.o(i.app_timer_start)
    app_timer_stop                           0x00018cb5   Thumb Code    50  app_timer.o(i.app_timer_stop)
    ble_advdata_set                          0x00018d6d   Thumb Code   136  ble_advdata.o(i.ble_advdata_set)
    ble_advertising_init                     0x00018df5   Thumb Code   316  ble_advertising.o(i.ble_advertising_init)
    ble_advertising_on_ble_evt               0x00018f69   Thumb Code   236  ble_advertising.o(i.ble_advertising_on_ble_evt)
    ble_advertising_on_sys_evt               0x0001906d   Thumb Code    70  ble_advertising.o(i.ble_advertising_on_sys_evt)
    ble_advertising_start                    0x000190d1   Thumb Code   654  ble_advertising.o(i.ble_advertising_start)
    ble_bgs_init                             0x0001938d   Thumb Code   106  ble_bgs.o(i.ble_bgs_init)
    ble_bgs_on_ble_evt                       0x000193fd   Thumb Code   120  ble_bgs.o(i.ble_bgs_on_ble_evt)
    ble_conn_params_init                     0x00019475   Thumb Code    90  ble_conn_params.o(i.ble_conn_params_init)
    ble_conn_params_on_ble_evt               0x000194ed   Thumb Code    62  ble_conn_params.o(i.ble_conn_params_on_ble_evt)
    ble_conn_params_stop                     0x0001952d   Thumb Code    12  ble_conn_params.o(i.ble_conn_params_stop)
    ble_dfu_init                             0x000195a9   Thumb Code   162  ble_dfu.o(i.ble_dfu_init)
    ble_dfu_on_ble_evt                       0x00019659   Thumb Code    90  ble_dfu.o(i.ble_dfu_on_ble_evt)
    ble_dfu_response_send                    0x000196b5   Thumb Code   128  ble_dfu.o(i.ble_dfu_response_send)
    ble_dis_init                             0x00019741   Thumb Code   386  ble_dis.o(i.ble_dis_init)
    ble_srv_ascii_to_utf8                    0x0001992d   Thumb Code    18  ble_srv_common.o(i.ble_srv_ascii_to_utf8)
    board_init                               0x000199e5   Thumb Code   124  main.o(i.board_init)
    bond_data_load                           0x00019a61   Thumb Code    62  device_manager_peripheral.o(i.bond_data_load)
    bootloader_util_app_start                0x00019b55   Thumb Code    12  bootloader_util.o(i.bootloader_util_app_start)
    dfu_app_dm_appl_instance_set             0x0001a5e9   Thumb Code    38  dfu_app_handler.o(i.dfu_app_dm_appl_instance_set)
    dfu_app_on_dfu_evt                       0x0001a615   Thumb Code    62  dfu_app_handler.o(i.dfu_app_on_dfu_evt)
    dfu_app_reset_prepare_set                0x0001a769   Thumb Code     6  dfu_app_handler.o(i.dfu_app_reset_prepare_set)
    dm_application_context_delete            0x0001aa01   Thumb Code   158  device_manager_peripheral.o(i.dm_application_context_delete)
    dm_application_context_get               0x0001aabd   Thumb Code   204  device_manager_peripheral.o(i.dm_application_context_get)
    dm_application_context_set               0x0001aba1   Thumb Code   246  device_manager_peripheral.o(i.dm_application_context_set)
    dm_application_instance_set              0x0001acbd   Thumb Code    74  device_manager_peripheral.o(i.dm_application_instance_set)
    dm_ble_evt_handler                       0x0001ad15   Thumb Code  1562  device_manager_peripheral.o(i.dm_ble_evt_handler)
    dm_distributed_keys_get                  0x0001b34d   Thumb Code   208  device_manager_peripheral.o(i.dm_distributed_keys_get)
    dm_handle_get                            0x0001b435   Thumb Code    94  device_manager_peripheral.o(i.dm_handle_get)
    dm_handle_initialize                     0x0001b4a1   Thumb Code    24  device_manager_peripheral.o(i.dm_handle_initialize)
    dm_init                                  0x0001b4bd   Thumb Code   230  device_manager_peripheral.o(i.dm_init)
    dm_peer_addr_get                         0x0001b5c5   Thumb Code   176  device_manager_peripheral.o(i.dm_peer_addr_get)
    dm_register                              0x0001b8cd   Thumb Code   176  device_manager_peripheral.o(i.dm_register)
    intern_softdevice_events_execute         0x0001bfe5   Thumb Code   168  softdevice_handler.o(i.intern_softdevice_events_execute)
    main                                     0x0001c4ad   Thumb Code   258  main.o(i.main)
    nrf_delay_ms                             0x0001c721   Thumb Code    24  nrf_delay.o(i.nrf_delay_ms)
    pstorage_access_status_get               0x0001cd55   Thumb Code    40  pstorage.o(i.pstorage_access_status_get)
    pstorage_block_identifier_get            0x0001cd85   Thumb Code   154  pstorage.o(i.pstorage_block_identifier_get)
    pstorage_clear                           0x0001ce29   Thumb Code   270  pstorage.o(i.pstorage_clear)
    pstorage_init                            0x0001cf75   Thumb Code   104  pstorage.o(i.pstorage_init)
    pstorage_load                            0x0001cffd   Thumb Code   242  pstorage.o(i.pstorage_load)
    pstorage_register                        0x0001d0f9   Thumb Code   270  pstorage.o(i.pstorage_register)
    pstorage_store                           0x0001d219   Thumb Code   216  pstorage.o(i.pstorage_store)
    pstorage_sys_event_handler               0x0001d2f9   Thumb Code    66  pstorage.o(i.pstorage_sys_event_handler)
    pstorage_update                          0x0001d345   Thumb Code   216  pstorage.o(i.pstorage_update)
    softdevice_assertion_handler             0x0001d7bd   Thumb Code    18  softdevice_handler.o(i.softdevice_assertion_handler)
    softdevice_ble_evt_handler_set           0x0001d7d1   Thumb Code    18  softdevice_handler.o(i.softdevice_ble_evt_handler_set)
    softdevice_handler_init                  0x0001d7e9   Thumb Code    84  softdevice_handler.o(i.softdevice_handler_init)
    softdevice_sys_evt_handler_set           0x0001d851   Thumb Code    18  softdevice_handler.o(i.softdevice_sys_evt_handler_set)
    m_service_context_store                  0x0001e394   Data          16  device_manager_peripheral.o(.constdata)
    m_service_context_load                   0x0001e3a4   Data          16  device_manager_peripheral.o(.constdata)
    m_service_context_apply                  0x0001e3b4   Data          16  device_manager_peripheral.o(.constdata)
    m_context_init_len                       0x0001e3c4   Data           4  device_manager_peripheral.o(.constdata)
    Region$$Table$$Base                      0x0001e3f0   Number         0  anon$$obj.o(Region$$Table)
    Region$$Table$$Limit                     0x0001e410   Number         0  anon$$obj.o(Region$$Table)
    useable_gpio                             0x20002008   Data          12  main.o(.data)
    SystemCoreClock                          0x2000201c   Data           4  system_nrf51.o(.data)
    __initial_sp                             0x20002fa0   Data           0  arm_startup_nrf51.o(STACK)



==============================================================================

Memory Map of the image

  Image Entry point : 0x000180c1

  Load Region LR_IROM1 (Base: 0x00018000, Size: 0x00006538, Max: 0x00028000, ABSOLUTE)

    Execution Region ER_IROM1 (Base: 0x00018000, Size: 0x00006410, Max: 0x00028000, ABSOLUTE)

    Base Addr    Size         Type   Attr      Idx    E Section Name        Object

    0x00018000   0x000000c0   Data   RO          440    RESET               arm_startup_nrf51.o
    0x000180c0   0x00000000   Code   RO         2556  * .ARM.Collect$$$$00000000  mc_p.l(entry.o)
    0x000180c0   0x00000004   Code   RO         2573    .ARM.Collect$$$$00000001  mc_p.l(entry2.o)
    0x000180c4   0x00000004   Code   RO         2576    .ARM.Collect$$$$00000004  mc_p.l(entry5.o)
    0x000180c8   0x00000000   Code   RO         2578    .ARM.Collect$$$$00000008  mc_p.l(entry7b.o)
    0x000180c8   0x00000000   Code   RO         2580    .ARM.Collect$$$$0000000A  mc_p.l(entry8b.o)
    0x000180c8   0x00000008   Code   RO         2581    .ARM.Collect$$$$0000000B  mc_p.l(entry9a.o)
    0x000180d0   0x00000000   Code   RO         2583    .ARM.Collect$$$$0000000D  mc_p.l(entry10a.o)
    0x000180d0   0x00000000   Code   RO         2585    .ARM.Collect$$$$0000000F  mc_p.l(entry11a.o)
    0x000180d0   0x00000004   Code   RO         2574    .ARM.Collect$$$$00002712  mc_p.l(entry2.o)
    0x000180d4   0x0000001e   Code   RO         1236    .emb_text           nrf_delay.o
    0x000180f2   0x00000002   PAD
    0x000180f4   0x0000001e   Code   RO         2148    .emb_text           app_timer.o
    0x00018112   0x00000002   PAD
    0x00018114   0x00000034   Code   RO         2390    .emb_text           bootloader_util.o
    0x00018148   0x00000038   Code   RO          441    .text               arm_startup_nrf51.o
    0x00018180   0x0000002c   Code   RO         2559    .text               mc_p.l(uidiv.o)
    0x000181ac   0x00000028   Code   RO         2561    .text               mc_p.l(idiv.o)
    0x000181d4   0x00000024   Code   RO         2563    .text               mc_p.l(memcpya.o)
    0x000181f8   0x00000024   Code   RO         2565    .text               mc_p.l(memseta.o)
    0x0001821c   0x0000000e   Code   RO         2567    .text               mc_p.l(strlen.o)
    0x0001822a   0x0000001a   Code   RO         2569    .text               mc_p.l(memcmp.o)
    0x00018244   0x00000024   Code   RO         2587    .text               mc_p.l(init.o)
    0x00018268   0x0000018c   Code   RO         1298    i.GPIOTE_IRQHandler  nrf_drv_gpiote.o
    0x000183f4   0x0000003c   Code   RO            4    i.LPCOMP_IRQHandler  main.o
    0x00018430   0x00000044   Code   RO            5    i.LPCOMP_init       main.o
    0x00018474   0x00000014   Code   RO         2149    i.NVIC_ClearPendingIRQ  app_timer.o
    0x00018488   0x00000014   Code   RO         2150    i.NVIC_EnableIRQ    app_timer.o
    0x0001849c   0x00000014   Code   RO         2151    i.NVIC_SetPendingIRQ  app_timer.o
    0x000184b0   0x00000078   Code   RO         2152    i.NVIC_SetPriority  app_timer.o
    0x00018528   0x00000028   Code   RO         2153    i.RTC1_IRQHandler   app_timer.o
    0x00018550   0x00000008   Code   RO         2154    i.SWI0_IRQHandler   app_timer.o
    0x00018558   0x00000038   Code   RO         2491    i.SWI2_IRQHandler   softdevice_handler.o
    0x00018590   0x000000ac   Code   RO          448    i.SystemInit        system_nrf51.o
    0x0001863c   0x00000138   Code   RO         1545    i.UART0_IRQHandler  nrf_drv_uart.o
    0x00018774   0x0000001c   Code   RO          867    i.__ARM_common_switch8  ble_dfu.o
    0x00018790   0x0000000e   Code   RO         2591    i.__scatterload_copy  mc_p.l(handlers.o)
    0x0001879e   0x00000002   Code   RO         2592    i.__scatterload_null  mc_p.l(handlers.o)
    0x000187a0   0x0000000e   Code   RO         2593    i.__scatterload_zeroinit  mc_p.l(handlers.o)
    0x000187ae   0x00000002   Code   RO            6    i.activity_timeout_handler  main.o
    0x000187b0   0x000001bc   Code   RO          493    i.adv_data_encode   ble_advdata.o
    0x0001896c   0x00000014   Code   RO          494    i.advdata_check     ble_advdata.o
    0x00018980   0x00000070   Code   RO            7    i.advertising_init  main.o
    0x000189f0   0x00000020   Code   RO            8    i.advertising_stop  main.o
    0x00018a10   0x000000ac   Code   RO            9    i.app_context_load  main.o
    0x00018abc   0x00000038   Code   RO         2068    i.app_error_handler  app_error.o
    0x00018af4   0x0000001c   Code   RO          958    i.app_evt_notify    device_manager_peripheral.o
    0x00018b10   0x00000030   Code   RO         1742    i.app_notify        pstorage.o
    0x00018b40   0x00000024   Code   RO         1743    i.app_notify_error_state_transit  pstorage.o
    0x00018b64   0x00000040   Code   RO         2157    i.app_timer_create  app_timer.o
    0x00018ba4   0x000000b8   Code   RO         2158    i.app_timer_init    app_timer.o
    0x00018c5c   0x00000058   Code   RO         2159    i.app_timer_start   app_timer.o
    0x00018cb4   0x00000038   Code   RO         2160    i.app_timer_stop    app_timer.o
    0x00018cec   0x00000050   Code   RO          495    i.appearance_encode  ble_advdata.o
    0x00018d3c   0x00000030   Code   RO           10    i.application_timers_start  main.o
    0x00018d6c   0x00000088   Code   RO          496    i.ble_advdata_set   ble_advdata.o
    0x00018df4   0x00000174   Code   RO          604    i.ble_advertising_init  ble_advertising.o
    0x00018f68   0x00000104   Code   RO          605    i.ble_advertising_on_ble_evt  ble_advertising.o
    0x0001906c   0x00000054   Code   RO          606    i.ble_advertising_on_sys_evt  ble_advertising.o
    0x000190c0   0x00000010   Code   RO          608    i.ble_advertising_peer_address_clear  ble_advertising.o
    0x000190d0   0x000002bc   Code   RO          610    i.ble_advertising_start  ble_advertising.o
    0x0001938c   0x00000070   Code   RO          363    i.ble_bgs_init      ble_bgs.o
    0x000193fc   0x00000078   Code   RO          364    i.ble_bgs_on_ble_evt  ble_bgs.o
    0x00019474   0x00000078   Code   RO          692    i.ble_conn_params_init  ble_conn_params.o
    0x000194ec   0x0000003e   Code   RO          693    i.ble_conn_params_on_ble_evt  ble_conn_params.o
    0x0001952a   0x00000002   PAD
    0x0001952c   0x00000010   Code   RO          694    i.ble_conn_params_stop  ble_conn_params.o
    0x0001953c   0x0000006c   Code   RO          497    i.ble_device_addr_encode  ble_advdata.o
    0x000195a8   0x000000b0   Code   RO          777    i.ble_dfu_init      ble_dfu.o
    0x00019658   0x0000005a   Code   RO          778    i.ble_dfu_on_ble_evt  ble_dfu.o
    0x000196b2   0x00000002   PAD
    0x000196b4   0x0000008c   Code   RO          780    i.ble_dfu_response_send  ble_dfu.o
    0x00019740   0x000001b4   Code   RO          881    i.ble_dis_init      ble_dis.o
    0x000198f4   0x00000038   Code   RO           12    i.ble_evt_dispatch  main.o
    0x0001992c   0x00000012   Code   RO          921    i.ble_srv_ascii_to_utf8  ble_srv_common.o
    0x0001993e   0x00000002   PAD
    0x00019940   0x000000a4   Code   RO           13    i.ble_stack_init    main.o
    0x000199e4   0x0000007c   Code   RO           14    i.board_init        main.o
    0x00019a60   0x00000050   Code   RO          959    i.bond_data_load    device_manager_peripheral.o
    0x00019ab0   0x000000a4   Code   RO         2412    i.bootloader_start  dfu_app_handler.o
    0x00019b54   0x0000000c   Code   RO         2391    i.bootloader_util_app_start  bootloader_util.o
    0x00019b60   0x00000010   Code   RO         1300    i.channel_handler_get  nrf_drv_gpiote.o
    0x00019b70   0x0000000c   Code   RO         1302    i.channel_port_get  nrf_drv_gpiote.o
    0x00019b7c   0x000000f0   Code   RO          882    i.char_add          ble_dis.o
    0x00019c6c   0x00000114   Code   RO         1744    i.clear_operation_execute  pstorage.o
    0x00019d80   0x00000028   Code   RO         1745    i.clear_post_processing_run  pstorage.o
    0x00019da8   0x00000048   Code   RO         1746    i.cmd_process       pstorage.o
    0x00019df0   0x00000014   Code   RO         1747    i.cmd_queue_dequeue  pstorage.o
    0x00019e04   0x0000003c   Code   RO         1748    i.cmd_queue_element_init  pstorage.o
    0x00019e40   0x00000084   Code   RO         1749    i.cmd_queue_enqueue  pstorage.o
    0x00019ec4   0x00000020   Code   RO         1750    i.cmd_queue_init    pstorage.o
    0x00019ee4   0x00000028   Code   RO         1751    i.command_end_procedure_run  pstorage.o
    0x00019f0c   0x0000002c   Code   RO         1752    i.command_queue_element_consume  pstorage.o
    0x00019f38   0x0000008c   Code   RO         2162    i.compare_reg_update  app_timer.o
    0x00019fc4   0x0000005c   Code   RO          498    i.conn_int_check    ble_advdata.o
    0x0001a020   0x00000066   Code   RO          499    i.conn_int_encode   ble_advdata.o
    0x0001a086   0x00000014   Code   RO           15    i.conn_params_error_handler  main.o
    0x0001a09a   0x00000002   PAD
    0x0001a09c   0x0000005c   Code   RO           16    i.conn_params_init  main.o
    0x0001a0f8   0x00000094   Code   RO          695    i.conn_params_negotiation  ble_conn_params.o
    0x0001a18c   0x00000048   Code   RO          960    i.connection_instance_find  device_manager_peripheral.o
    0x0001a1d4   0x00000038   Code   RO          961    i.connection_instance_init  device_manager_peripheral.o
    0x0001a20c   0x0000005c   Code   RO         2163    i.current_int_priority_get  app_timer.o
    0x0001a268   0x00000084   Code   RO         1753    i.data_page_erase_state_run  pstorage.o
    0x0001a2ec   0x00000038   Code   RO         1754    i.data_to_swap_write_state_run  pstorage.o
    0x0001a324   0x000000d0   Code   RO          962    i.device_context_store  device_manager_peripheral.o
    0x0001a3f4   0x0000007c   Code   RO          963    i.device_instance_allocate  device_manager_peripheral.o
    0x0001a470   0x00000058   Code   RO          964    i.device_instance_find  device_manager_peripheral.o
    0x0001a4c8   0x00000030   Code   RO          965    i.device_instance_free  device_manager_peripheral.o
    0x0001a4f8   0x00000030   Code   RO           17    i.device_manager_evt_handler  main.o
    0x0001a528   0x000000c0   Code   RO           18    i.device_manager_init  main.o
    0x0001a5e8   0x0000002c   Code   RO         2413    i.dfu_app_dm_appl_instance_set  dfu_app_handler.o
    0x0001a614   0x0000003e   Code   RO         2414    i.dfu_app_on_dfu_evt  dfu_app_handler.o
    0x0001a652   0x00000002   PAD
    0x0001a654   0x00000110   Code   RO         2415    i.dfu_app_peer_data_set  dfu_app_handler.o
    0x0001a764   0x00000002   Code   RO         2416    i.dfu_app_reset_prepare  dfu_app_handler.o
    0x0001a766   0x00000002   PAD
    0x0001a768   0x0000000c   Code   RO         2417    i.dfu_app_reset_prepare_set  dfu_app_handler.o
    0x0001a774   0x000000e0   Code   RO          781    i.dfu_ctrl_pt_add   ble_dfu.o
    0x0001a854   0x000000d4   Code   RO          782    i.dfu_pkt_char_add  ble_dfu.o
    0x0001a928   0x000000d8   Code   RO          783    i.dfu_rev_char_add  ble_dfu.o
    0x0001aa00   0x000000bc   Code   RO          966    i.dm_application_context_delete  device_manager_peripheral.o
    0x0001aabc   0x000000e4   Code   RO          967    i.dm_application_context_get  device_manager_peripheral.o
    0x0001aba0   0x0000011c   Code   RO          968    i.dm_application_context_set  device_manager_peripheral.o
    0x0001acbc   0x00000058   Code   RO          969    i.dm_application_instance_set  device_manager_peripheral.o
    0x0001ad14   0x00000638   Code   RO          970    i.dm_ble_evt_handler  device_manager_peripheral.o
    0x0001b34c   0x000000e8   Code   RO          974    i.dm_distributed_keys_get  device_manager_peripheral.o
    0x0001b434   0x0000006c   Code   RO          975    i.dm_handle_get     device_manager_peripheral.o
    0x0001b4a0   0x0000001c   Code   RO          976    i.dm_handle_initialize  device_manager_peripheral.o
    0x0001b4bc   0x00000108   Code   RO          977    i.dm_init           device_manager_peripheral.o
    0x0001b5c4   0x000000c4   Code   RO          978    i.dm_peer_addr_get  device_manager_peripheral.o
    0x0001b688   0x00000244   Code   RO          980    i.dm_pstorage_cb_handler  device_manager_peripheral.o
    0x0001b8cc   0x000000bc   Code   RO          981    i.dm_register       device_manager_peripheral.o
    0x0001b988   0x00000064   Code   RO         2164    i.elapsed_ticks_acquire  app_timer.o
    0x0001b9ec   0x00000044   Code   RO         1755    i.erase_sub_state_sm_run  pstorage.o
    0x0001ba30   0x0000005c   Code   RO         2165    i.expired_timers_handler  app_timer.o
    0x0001ba8c   0x00000036   Code   RO          500    i.flags_encode      ble_advdata.o
    0x0001bac2   0x00000002   PAD
    0x0001bac4   0x00000030   Code   RO         1756    i.flash_api_err_code_process  pstorage.o
    0x0001baf4   0x00000040   Code   RO         1757    i.flash_operation_failure_run  pstorage.o
    0x0001bb34   0x00000030   Code   RO         1758    i.flash_operation_success_run  pstorage.o
    0x0001bb64   0x00000010   Code   RO         1759    i.flash_page_erase  pstorage.o
    0x0001bb74   0x00000018   Code   RO         1760    i.flash_write       pstorage.o
    0x0001bb8c   0x00000088   Code   RO           19    i.gap_params_init   main.o
    0x0001bc14   0x00000006   Code   RO          988    i.gattc_context_apply  device_manager_peripheral.o
    0x0001bc1a   0x00000006   Code   RO          989    i.gattc_context_load  device_manager_peripheral.o
    0x0001bc20   0x00000006   Code   RO          990    i.gattc_context_store  device_manager_peripheral.o
    0x0001bc26   0x00000002   PAD
    0x0001bc28   0x000000f4   Code   RO          991    i.gatts_context_apply  device_manager_peripheral.o
    0x0001bd1c   0x00000048   Code   RO          992    i.gatts_context_load  device_manager_peripheral.o
    0x0001bd64   0x000000dc   Code   RO          993    i.gatts_context_store  device_manager_peripheral.o
    0x0001be40   0x0000001a   Code   RO          994    i.gattsc_context_apply  device_manager_peripheral.o
    0x0001be5a   0x0000001e   Code   RO          995    i.gattsc_context_load  device_manager_peripheral.o
    0x0001be78   0x0000001e   Code   RO          996    i.gattsc_context_store  device_manager_peripheral.o
    0x0001be96   0x000000de   Code   RO          365    i.gm_char_add       ble_bgs.o
    0x0001bf74   0x00000070   Code   RO         1761    i.head_restore_state_run  pstorage.o
    0x0001bfe4   0x000000bc   Code   RO         2492    i.intern_softdevice_events_execute  softdevice_handler.o
    0x0001c0a0   0x00000034   Code   RO         2418    i.interrupts_disable  dfu_app_handler.o
    0x0001c0d4   0x00000048   Code   RO          784    i.is_cccd_configured  ble_dfu.o
    0x0001c11c   0x00000024   Code   RO          696    i.is_conn_params_ok  ble_conn_params.o
    0x0001c140   0x00000038   Code   RO          449    i.is_disabled_in_debug_needed  system_nrf51.o
    0x0001c178   0x0000006c   Code   RO          450    i.is_manual_peripheral_setup_needed  system_nrf51.o
    0x0001c1e4   0x00000058   Code   RO         1762    i.is_page_erase_required  pstorage.o
    0x0001c23c   0x00000050   Code   RO         1763    i.is_tail_data_page_swap_required  pstorage.o
    0x0001c28c   0x00000012   Code   RO         1764    i.is_word_aligned   pstorage.o
    0x0001c29e   0x0000006a   Code   RO          501    i.le_role_encode    ble_advdata.o
    0x0001c308   0x00000094   Code   RO         2166    i.list_deletions_handler  app_timer.o
    0x0001c39c   0x00000110   Code   RO         2167    i.list_insertions_handler  app_timer.o
    0x0001c4ac   0x00000108   Code   RO           20    i.main              main.o
    0x0001c5b4   0x00000020   Code   RO         1765    i.main_state_err_busy_process  pstorage.o
    0x0001c5d4   0x00000078   Code   RO          502    i.manuf_specific_data_encode  ble_advdata.o
    0x0001c64c   0x000000c2   Code   RO          503    i.name_encode       ble_advdata.o
    0x0001c70e   0x00000006   Code   RO          997    i.no_service_context_apply  device_manager_peripheral.o
    0x0001c714   0x00000006   Code   RO          998    i.no_service_context_load  device_manager_peripheral.o
    0x0001c71a   0x00000006   Code   RO          999    i.no_service_context_store  device_manager_peripheral.o
    0x0001c720   0x0000001c   Code   RO         1237    i.nrf_delay_ms      nrf_delay.o
    0x0001c73c   0x00000026   Code   RO           21    i.nrf_gpio_cfg      main.o
    0x0001c762   0x00000018   Code   RO           22    i.nrf_gpio_cfg_output  main.o
    0x0001c77a   0x00000046   Code   RO         1324    i.nrf_gpio_cfg_sense_set  nrf_drv_gpiote.o
    0x0001c7c0   0x00000010   Code   RO           23    i.nrf_gpio_pin_clear  main.o
    0x0001c7d0   0x00000010   Code   RO           24    i.nrf_gpio_pin_set  main.o
    0x0001c7e0   0x0000000c   Code   RO         1327    i.nrf_gpiote_event_addr_get  nrf_drv_gpiote.o
    0x0001c7ec   0x00000010   Code   RO         1328    i.nrf_gpiote_event_clear  nrf_drv_gpiote.o
    0x0001c7fc   0x00000016   Code   RO         1329    i.nrf_gpiote_event_is_set  nrf_drv_gpiote.o
    0x0001c812   0x00000014   Code   RO         1561    i.nrf_uart_errorsrc_get_and_clear  nrf_drv_uart.o
    0x0001c826   0x00000010   Code   RO         1562    i.nrf_uart_event_check  nrf_drv_uart.o
    0x0001c836   0x00000006   Code   RO         1563    i.nrf_uart_event_clear  nrf_drv_uart.o
    0x0001c83c   0x0000000a   Code   RO         1565    i.nrf_uart_int_disable  nrf_drv_uart.o
    0x0001c846   0x00000018   Code   RO         1567    i.nrf_uart_int_enable_check  nrf_drv_uart.o
    0x0001c85e   0x00000006   Code   RO         1568    i.nrf_uart_task_trigger  nrf_drv_uart.o
    0x0001c864   0x0000001a   Code   RO           25    i.on_adv_evt        main.o
    0x0001c87e   0x00000002   PAD
    0x0001c880   0x00000048   Code   RO           26    i.on_bgs_evt        main.o
    0x0001c8c8   0x00000028   Code   RO           27    i.on_ble_evt        main.o
    0x0001c8f0   0x00000034   Code   RO           28    i.on_conn_params_evt  main.o
    0x0001c924   0x00000018   Code   RO          697    i.on_conn_params_update  ble_conn_params.o
    0x0001c93c   0x00000006   Code   RO          366    i.on_connect        ble_bgs.o
    0x0001c942   0x00000002   PAD
    0x0001c944   0x0000003c   Code   RO          698    i.on_connect        ble_conn_params.o
    0x0001c980   0x00000006   Code   RO          785    i.on_connect        ble_dfu.o
    0x0001c986   0x0000014e   Code   RO          786    i.on_ctrl_pt_write  ble_dfu.o
    0x0001cad4   0x00000008   Code   RO          367    i.on_disconnect     ble_bgs.o
    0x0001cadc   0x00000044   Code   RO          699    i.on_disconnect     ble_conn_params.o
    0x0001cb20   0x00000008   Code   RO          787    i.on_disconnect     ble_dfu.o
    0x0001cb28   0x00000046   Code   RO          788    i.on_rw_authorize_req  ble_dfu.o
    0x0001cb6e   0x00000024   Code   RO          368    i.on_write          ble_bgs.o
    0x0001cb92   0x00000002   PAD
    0x0001cb94   0x0000005c   Code   RO          700    i.on_write          ble_conn_params.o
    0x0001cbf0   0x0000002c   Code   RO          789    i.on_write          ble_dfu.o
    0x0001cc1c   0x0000001a   Code   RO          612    i.peer_address_exists  ble_advertising.o
    0x0001cc36   0x00000002   PAD
    0x0001cc38   0x0000005c   Code   RO         1000    i.peer_instance_init  device_manager_peripheral.o
    0x0001cc94   0x0000009e   Code   RO          883    i.pnp_id_encode     ble_dis.o
    0x0001cd32   0x00000020   Code   RO           29    i.power_manage      main.o
    0x0001cd52   0x00000002   PAD
    0x0001cd54   0x00000030   Code   RO         1766    i.pstorage_access_status_get  pstorage.o
    0x0001cd84   0x000000a4   Code   RO         1767    i.pstorage_block_identifier_get  pstorage.o
    0x0001ce28   0x00000118   Code   RO         1768    i.pstorage_clear    pstorage.o
    0x0001cf40   0x00000028   Code   RO         1769    i.pstorage_flash_page_end  pstorage.o
    0x0001cf68   0x0000000a   Code   RO         1770    i.pstorage_flash_page_size  pstorage.o
    0x0001cf72   0x00000002   PAD
    0x0001cf74   0x00000088   Code   RO         1771    i.pstorage_init     pstorage.o
    0x0001cffc   0x000000fc   Code   RO         1772    i.pstorage_load     pstorage.o
    0x0001d0f8   0x00000120   Code   RO         1773    i.pstorage_register  pstorage.o
    0x0001d218   0x000000e0   Code   RO         1774    i.pstorage_store    pstorage.o
    0x0001d2f8   0x0000004c   Code   RO         1775    i.pstorage_sys_event_handler  pstorage.o
    0x0001d344   0x000000e0   Code   RO         1776    i.pstorage_update   pstorage.o
    0x0001d424   0x00000064   Code   RO           30    i.reset_prepare     main.o
    0x0001d488   0x0000000c   Code   RO         2168    i.rtc1_compare0_set  app_timer.o
    0x0001d494   0x0000000c   Code   RO         2169    i.rtc1_counter_get  app_timer.o
    0x0001d4a0   0x00000018   Code   RO         2170    i.rtc1_init         app_timer.o
    0x0001d4b8   0x0000003c   Code   RO         2171    i.rtc1_start        app_timer.o
    0x0001d4f4   0x00000058   Code   RO         2172    i.rtc1_stop         app_timer.o
    0x0001d54c   0x00000038   Code   RO         1571    i.rx_byte           nrf_drv_uart.o
    0x0001d584   0x0000002c   Code   RO         1572    i.rx_done_event     nrf_drv_uart.o
    0x0001d5b0   0x00000036   Code   RO          504    i.sec_mgr_oob_flags_encode  ble_advdata.o
    0x0001d5e6   0x00000096   Code   RO          505    i.service_data_encode  ble_advdata.o
    0x0001d67c   0x0000010c   Code   RO           31    i.services_init     main.o
    0x0001d788   0x00000020   Code   RO           32    i.sleep_mode_enter  main.o
    0x0001d7a8   0x00000014   Code   RO         1777    i.sm_state_change   pstorage.o
    0x0001d7bc   0x00000012   Code   RO         2493    i.softdevice_assertion_handler  softdevice_handler.o
    0x0001d7ce   0x00000002   PAD
    0x0001d7d0   0x00000018   Code   RO         2494    i.softdevice_ble_evt_handler_set  softdevice_handler.o
    0x0001d7e8   0x00000068   Code   RO         2495    i.softdevice_handler_init  softdevice_handler.o
    0x0001d850   0x00000018   Code   RO         2498    i.softdevice_sys_evt_handler_set  softdevice_handler.o
    0x0001d868   0x00000010   Code   RO          506    i.srdata_check      ble_advdata.o
    0x0001d878   0x00000010   Code   RO         1778    i.state_data_erase_entry_run  pstorage.o
    0x0001d888   0x00000098   Code   RO         1779    i.state_data_erase_swap_entry_run  pstorage.o
    0x0001d920   0x0000003c   Code   RO         1780    i.state_entry_action_run  pstorage.o
    0x0001d95c   0x00000010   Code   RO         1781    i.state_erase_data_page_entry_run  pstorage.o
    0x0001d96c   0x0000001c   Code   RO         1782    i.state_idle_entry_run  pstorage.o
    0x0001d988   0x00000034   Code   RO         1783    i.state_restore_head_entry_run  pstorage.o
    0x0001d9bc   0x00000054   Code   RO         1784    i.state_restore_tail_entry_run  pstorage.o
    0x0001da10   0x00000008   Code   RO         1785    i.state_store_entry_run  pstorage.o
    0x0001da18   0x00000026   Code   RO         1786    i.state_swap_erase_entry_run  pstorage.o
    0x0001da3e   0x00000002   PAD
    0x0001da40   0x00000034   Code   RO         1787    i.state_write_data_swap_entry_run  pstorage.o
    0x0001da74   0x00000008   Code   RO         1001    i.storage_operation_dummy_handler  device_manager_peripheral.o
    0x0001da7c   0x00000064   Code   RO         1788    i.store_cmd_flash_write_execute  pstorage.o
    0x0001dae0   0x0000000a   Code   RO         1789    i.store_operation_execute  pstorage.o
    0x0001daea   0x00000002   PAD
    0x0001daec   0x0000004c   Code   RO         1790    i.store_sub_state_sm_run  pstorage.o
    0x0001db38   0x00000020   Code   RO         1791    i.swap_erase_state_run  pstorage.o
    0x0001db58   0x00000008   Code   RO         1792    i.swap_sub_sm_exit_action_run  pstorage.o
    0x0001db60   0x00000018   Code   RO         1793    i.swap_sub_state_entry_action_run  pstorage.o
    0x0001db78   0x00000020   Code   RO         1794    i.swap_sub_state_err_busy_process  pstorage.o
    0x0001db98   0x00000018   Code   RO         1795    i.swap_sub_state_sm_run  pstorage.o
    0x0001dbb0   0x00000014   Code   RO         1796    i.swap_sub_state_state_change  pstorage.o
    0x0001dbc4   0x00000012   Code   RO           33    i.sys_evt_dispatch  main.o
    0x0001dbd6   0x000000a4   Code   RO          884    i.sys_id_encode     ble_dis.o
    0x0001dc7a   0x00000002   PAD
    0x0001dc7c   0x00000020   Code   RO         1797    i.tail_restore_state_run  pstorage.o
    0x0001dc9c   0x00000058   Code   RO         1798    i.tail_word_size_calculate  pstorage.o
    0x0001dcf4   0x0000000a   Code   RO         2173    i.ticks_diff_get    app_timer.o
    0x0001dcfe   0x00000002   PAD
    0x0001dd00   0x00000040   Code   RO         2174    i.timeout_handler_exec  app_timer.o
    0x0001dd40   0x00000058   Code   RO         2175    i.timer_list_handler  app_timer.o
    0x0001dd98   0x0000000a   Code   RO         2176    i.timer_list_handler_sched  app_timer.o
    0x0001dda2   0x00000002   PAD
    0x0001dda4   0x0000006c   Code   RO         2177    i.timer_list_insert  app_timer.o
    0x0001de10   0x00000070   Code   RO         2178    i.timer_list_remove  app_timer.o
    0x0001de80   0x00000058   Code   RO         2179    i.timer_start_op_schedule  app_timer.o
    0x0001ded8   0x00000040   Code   RO         2181    i.timer_stop_op_schedule  app_timer.o
    0x0001df18   0x00000094   Code   RO         2182    i.timer_timeouts_check  app_timer.o
    0x0001dfac   0x0000000a   Code   RO         2183    i.timer_timeouts_check_sched  app_timer.o
    0x0001dfb6   0x00000002   PAD
    0x0001dfb8   0x00000060   Code   RO           34    i.timers_init       main.o
    0x0001e018   0x00000046   Code   RO          507    i.tk_value_encode   ble_advdata.o
    0x0001e05e   0x00000002   PAD
    0x0001e060   0x00000038   Code   RO         1574    i.tx_byte           nrf_drv_uart.o
    0x0001e098   0x0000002c   Code   RO         1575    i.tx_done_event     nrf_drv_uart.o
    0x0001e0c4   0x00000036   Code   RO          508    i.tx_power_level_encode  ble_advdata.o
    0x0001e0fa   0x0000000c   Code   RO          790    i.uint16_decode     ble_dfu.o
    0x0001e106   0x00000012   Code   RO          509    i.uint16_encode     ble_advdata.o
    0x0001e118   0x00000012   Code   RO          885    i.uint16_encode     ble_dis.o
    0x0001e12a   0x00000008   Code   RO         1799    i.update_operation_execute  pstorage.o
    0x0001e132   0x00000002   PAD
    0x0001e134   0x00000014   Code   RO         1002    i.update_status_bit_reset  device_manager_peripheral.o
    0x0001e148   0x0000009c   Code   RO          701    i.update_timeout_handler  ble_conn_params.o
    0x0001e1e4   0x00000022   Code   RO         2184    i.user_id_get       app_timer.o
    0x0001e206   0x0000002e   Code   RO         2185    i.user_op_alloc     app_timer.o
    0x0001e234   0x00000004   Code   RO         2186    i.user_op_enque     app_timer.o
    0x0001e238   0x00000044   Code   RO          510    i.uuid_list_encode  ble_advdata.o
    0x0001e27c   0x000000d8   Code   RO          511    i.uuid_list_sized_encode  ble_advdata.o
    0x0001e354   0x00000016   Code   RO          613    i.whitelist_has_entries  ble_advertising.o
    0x0001e36a   0x00000002   PAD
    0x0001e36c   0x00000004   Data   RO           36    .constdata          main.o
    0x0001e370   0x00000010   Data   RO          369    .constdata          ble_bgs.o
    0x0001e380   0x00000004   Data   RO          703    .constdata          ble_conn_params.o
    0x0001e384   0x00000010   Data   RO          792    .constdata          ble_dfu.o
    0x0001e394   0x00000034   Data   RO         1004    .constdata          device_manager_peripheral.o
    0x0001e3c8   0x00000028   Data   RO         1801    .constdata          pstorage.o
    0x0001e3f0   0x00000020   Data   RO         2589    Region$$Table       anon$$obj.o


    Execution Region RW_IRAM1 (Base: 0x20002000, Size: 0x00000fa0, Max: 0x00006000, ABSOLUTE)

    Base Addr    Size         Type   Attr      Idx    E Section Name        Object

    0x20002000   0x0000001c   Data   RW           37    .data               main.o
    0x2000201c   0x00000004   Data   RW          451    .data               system_nrf51.o
    0x20002020   0x00000020   Data   RW          615    .data               ble_advertising.o
    0x20002040   0x00000015   Data   RW          704    .data               ble_conn_params.o
    0x20002055   0x00000008   Data   RW          793    .data               ble_dfu.o
    0x2000205d   0x00000001   PAD
    0x2000205e   0x0000004a   Data   RW          886    .data               ble_dis.o
    0x200020a8   0x00000014   Data   RW         1005    .data               device_manager_peripheral.o
    0x200020bc   0x00000028   Data   RW         1802    .data               pstorage.o
    0x200020e4   0x00000022   Data   RW         2187    .data               app_timer.o
    0x20002106   0x00000002   PAD
    0x20002108   0x00000008   Data   RW         2420    .data               dfu_app_handler.o
    0x20002110   0x00000018   Data   RW         2499    .data               softdevice_handler.o
    0x20002128   0x00000274   Zero   RW           35    .bss                main.o
    0x2000239c   0x00000103   Zero   RW          614    .bss                ble_advertising.o
    0x2000249f   0x00000001   PAD
    0x200024a0   0x0000003c   Zero   RW          702    .bss                ble_conn_params.o
    0x200024dc   0x0000014f   Zero   RW         1003    .bss                device_manager_peripheral.o
    0x2000262b   0x00000001   PAD
    0x2000262c   0x00000048   Zero   RW         1336    .bss                nrf_drv_gpiote.o
    0x20002674   0x00000018   Zero   RW         1576    .bss                nrf_drv_uart.o
    0x2000268c   0x000000d8   Zero   RW         1800    .bss                pstorage.o
    0x20002764   0x0000003c   Zero   RW         2419    .bss                dfu_app_handler.o
    0x200027a0   0x00000800   Zero   RW          438    STACK               arm_startup_nrf51.o


==============================================================================

Image component sizes


      Code (inc. data)   RO Data    RW Data    ZI Data      Debug   Object Name

        56          8          0          0          0       1404   app_error.o
      2476        282          0         34          0      37027   app_timer.o
        56         18        192          0       2048        776   arm_startup_nrf51.o
      2102          4          0          0          0      23640   ble_advdata.o
      1480        144          0         32        259      13701   ble_advertising.o
       504          6         16          0          0      44140   ble_bgs.o
       782        130          4         21         60      18223   ble_conn_params.o
      1632         56         16          8          0      16668   ble_dfu.o
      1016         54          0         74          0       7399   ble_dis.o
        18          0          0          0          0       1468   ble_srv_common.o
        64          2          0          0          0       1324   bootloader_util.o
      5458        464         52         20        335      41802   device_manager_peripheral.o
       608         40          0          8         60      18952   dfu_app_handler.o
      2420        218          4         28        628     114485   main.o
        58          4          0          0          0       1819   nrf_delay.o
         0          0          0          0          0       1116   nrf_drv_common.o
       544         32          0          0         72      15052   nrf_drv_gpiote.o
       594         36          0          0         24      14991   nrf_drv_uart.o
      4308        438         40         40        216      47286   pstorage.o
       414         58          0         24          0       7896   softdevice_handler.o
       336         44          0          4          0      25659   system_nrf51.o

    ----------------------------------------------------------------------
     24978       2038        356        296       3704     454828   Object Totals
         0          0         32          0          0          0   (incl. Generated)
        52          0          0          3          2          0   (incl. Padding)

    ----------------------------------------------------------------------

      Code (inc. data)   RO Data    RW Data    ZI Data      Debug   Library Member Name

         0          0          0          0          0          0   entry.o
         0          0          0          0          0          0   entry10a.o
         0          0          0          0          0          0   entry11a.o
         8          4          0          0          0          0   entry2.o
         4          0          0          0          0          0   entry5.o
         0          0          0          0          0          0   entry7b.o
         0          0          0          0          0          0   entry8b.o
         8          4          0          0          0          0   entry9a.o
        30          0          0          0          0          0   handlers.o
        40          0          0          0          0         72   idiv.o
        36          8          0          0          0         68   init.o
        26          0          0          0          0         72   memcmp.o
        36          0          0          0          0         60   memcpya.o
        36          0          0          0          0        100   memseta.o
        14          0          0          0          0         60   strlen.o
        44          0          0          0          0         72   uidiv.o

    ----------------------------------------------------------------------
       282         16          0          0          0        504   Library Totals
         0          0          0          0          0          0   (incl. Padding)

    ----------------------------------------------------------------------

      Code (inc. data)   RO Data    RW Data    ZI Data      Debug   Library Name

       282         16          0          0          0        504   mc_p.l

    ----------------------------------------------------------------------
       282         16          0          0          0        504   Library Totals

    ----------------------------------------------------------------------

==============================================================================


      Code (inc. data)   RO Data    RW Data    ZI Data      Debug   

     25260       2054        356        296       3704     444020   Grand Totals
     25260       2054        356        296       3704     444020   ELF Image Totals
     25260       2054        356        296          0          0   ROM Totals

==============================================================================

    Total RO  Size (Code + RO Data)                25616 (  25.02kB)
    Total RW  Size (RW Data + ZI Data)              4000 (   3.91kB)
    Total ROM Size (Code + RO Data + RW Data)      25912 (  25.30kB)

==============================================================================

